1 0.5077267612408971 0.48913609000892516
2 0.5224669603828124 0.48389644313270713
3 0.518756915446209 0.4803160816560859
4 0.5162598138248448 0.4777907865489621
5 0.5143123128048714 0.47573101697981623
6 0.5125589683144917 0.47387143704932744
7 0.5108746764657004 0.4721049041072742
8 0.5092189616786673 0.4703892262557837
9 0.507580300275905 0.46870768601099455
10 0.5059562920971304 0.4670532964206102
11 0.5043468547145247 0.46542269252177076
12 0.5027520931868249 0.4638138161690966
13 0.5011717784914663 0.46222506346471764
14 0.4996053259363675 0.4606549844572629
15 0.49805189265119637 0.45910218577054807
16 0.49651047681268795 0.4575653046082494
17 0.494979991445648 0.4560430058215728
18 0.4934593131491949 0.4545339850047475
19 0.49194731227002814 0.4530369720710685
20 0.49044287077870624 0.4515507338277124
21 0.4889448924421299 0.450074075405287
22 0.48745230832980563 0.448605840766224
23 0.4859640795578467 0.4471449125614868
24 0.484479198427075 0.44569021155877897
25 0.48299668864341394 0.4442406958054264
26 0.4815156050244263 0.4427953596382507
27 0.480035032926589 0.4413532326150282
28 0.4785540875285121 0.4399133784159068
29 0.4770719130475782 0.4384748937455229
30 0.47558768193417167 0.4370369072549979
31 0.47410059406857513 0.43559857849550476
32 0.47260987597468185 0.43415909691029975
33 0.4711147800584276 0.4327176808690463
34 0.46961458387525307 0.4312735767463118
35 0.46810858942882005 0.42982605804486007
36 0.46659612250197596 0.4283744245635617
37 0.4650765320201952 0.42691800160920745
38 0.463549189447263 0.4254561392511593
39 0.4620134882126301 0.4239882116175247
40 0.4604688431696522 0.4225136162313719
41 0.45891469008374614 0.42103177338537284
42 0.45735048514936744 0.4195421255531666
43 0.4557757045345967 0.41804413683566144
44 0.4541898439520318 0.416537292440435
45 0.45259241825460406 0.4150210981923478
46 0.45098296105486235 0.41349508007344693
47 0.44936102436622444 0.4119587837902131
48 0.4477261782646343 0.4104117743661858
49 0.4460780105690412 0.4088536357579935
50 0.44441612653908485 0.407283970492821
51 0.4427401485883641 0.40570239932535435
52 0.4410497160116674 0.4041085609122731
53 0.43934448472455845 0.40250211150239673
54 0.43762412701374176 0.40088272464063934
55 0.4358883312966852 0.39925009088399843
56 0.4341368018890311 0.3976039175278771
57 0.43236925877842003 0.3959439283411448
58 0.43058543740344324 0.3942698633084439
59 0.4287850884365616 0.39258147837838486
60 0.42696797756995986 0.39087854521641563
61 0.4251338853034621 0.3891608509613019
62 0.423282606733797 0.38742819798434425
63 0.4214139513446865 0.38568040365061607
64 0.4195277427974253 0.3839173000817302
65 0.4176238187218241 0.382138733919819
66 0.415702030507601 0.3803445660926376
67 0.4137622430965239 0.37853467157990034
68 0.4118043347758245 0.3767089391811737
69 0.4098281969736214 0.374867271285855
70 0.407833734057302 0.3730095836459607
71 0.4058208631360058 0.37113580515263755
72 0.40378951386855566 0.3692458776174823
73 0.40173962827832965 0.3673397555599056
74 0.3996711605767428 0.3654174060019186
75 0.3975840769971056 0.3634788082718156
76 0.3954783556407457 0.3615239538183265
77 0.3933539863373314 0.35955284603685134
78 0.39121097052137976 0.357565500109421
79 0.3890493211269264 0.3555619428600241
80 0.3868690625023049 0.3535422126268871
81 0.3846702303469095 0.3515063591532376
82 0.3824528716717073 0.3494544434979666
83 0.3802170447851312 0.3473865379674732
84 0.3779628193057978 0.34530272606980994
85 0.37569027620329587 0.3432031024920573
86 0.3733995078680424 0.34108777310163374
87 0.37109061821094225 0.3389568549720102
88 0.36876372279328984 0.3368104764330402
89 0.36641894898704164 0.33464877714583585
90 0.3640564361652502 0.3324719082018391
91 0.36167633592211096 0.3302800322454365
92 0.35927881232171355 0.3280733236191621
93 0.35686404217422163 0.325851968530237
94 0.3544322153378553 0.3236161652368877
95 0.3519835350446715 0.32136612425259115
96 0.3495182182477956 0.3191020685661131
97 0.3470364959874059 0.31682423387492914
98 0.34453861377243983 0.3145328688293648
99 0.342024831974683 0.31222823528455157
100 0.33949542623160195 0.30991060855707897
101 0.3369506878540185 0.3075802776830277
102 0.33439092423447325 0.3052375456739084
103 0.33181645925192277 0.30288272976687713
104 0.32922763366822205 0.3005161616655009
105 0.32662480551170525 0.2981381877672549
106 0.32400835044305987 0.29574916937388923
107 0.321378662098617 0.2933494828807776
108 0.318736152406142 0.29093951994138056
109 0.3160812518682138 0.28851968760299695
110 0.31341440980832413 0.28609040841005845
111 0.3107360945749122 0.2836521204713311
112 0.30804679369867455 0.2812052774875329
113 0.30534701399865855 0.27875034873604704
114 0.30263728163284953 0.27628781900962074
115 0.29991814208921985 0.2738181885061677
116 0.29719016011348165 0.27134197266705956
117 0.2944539195701199 0.2688597019615796
118 0.2917100232336409 0.2663719216155261
119 0.28895909250736773 0.2638791912822895
120 0.286201767067542 0.26138208465509294
121 0.2834387044309542 0.25888118901945356
122 0.2806705794448069 0.25637710474532754
123 0.2778980836980279 0.2538704447188006
124 0.27512192485377995 0.2513618337136114
125 0.27234282590346104 0.2488519077032168
126 0.2695615243430451 0.24634131311454227
127 0.2667787712731835 0.24383070602498988
128 0.26399533042505346 0.24132075130470493
129 0.26121197711450506 0.23881212170652505
130 0.25842949712761926 0.2363054969064452
131 0.2556486855413327 0.23380156249783418
132 0.2528703454833171 0.23130100894300698
133 0.2500952868357925 0.22880453048612737
134 0.2473243248884423 0.22631282403173464
135 0.24455827894602666 0.22382658799349853
136 0.24179797089669458 0.22134652111807182
137 0.23904422374735085 0.2188733212891447
138 0.23629786013274245 0.21640768431700283
139 0.2335597008051813 0.2139503027190402
140 0.23083056311202596 0.2115018644967981
141 0.22811125946818134 0.20906305191515978
142 0.22540259583096028 0.20663454028935974
143 0.22270537018467684 0.20421699678543942
144 0.22002037104228758 0.201811079239713
145 0.2173483759713102 0.19941743500268927
146 0.21469015015107415 0.19703669981274213
147 0.21204644496814365 0.19466949670461386
148 0.20941799665646915 0.19231643495760015
149 0.20680552498850055 0.18997810908798143
150 0.20420973202310555 0.1876550978899534
151 0.20163130091571932 0.18534796352896726
152 0.19907089479568585 0.18305725069101197
153 0.19652915571524535 0.1807834857909843
154 0.19400670367410855 0.1785271762428735
155 0.19150413572299294 0.17628880979406383
156 0.18902202514894606 0.17406885392562085
157 0.18656092074468994 0.171867755319987
158 0.18412134616365738 0.1696859393970723
159 0.18170379936179865 0.167523809919289
160 0.17930875212668054 0.16538174866565075
161 0.17693664969383996 0.16326011517464342
162 0.17458791044981634 0.16115924655517624
163 0.1722629257207824 0.15907945736453938
164 0.1699620596452019 0.15702103955194271
165 0.16768564912849712 0.15498426246587604
166 0.16543400387728474 0.15296937292322554
167 0.163207406510365 0.15097659533780872
168 0.1610061127433064 0.14900613190574533
169 0.15883035164316547 0.14705816284486084
170 0.15668032594962525 0.14513284668514523
171 0.154556212458618 0.14323032060713145
172 0.15245816246432053 0.1413507008249371
173 0.15038630225527935 0.13949408301062732
174 0.14834073366031747 0.13766054275649037
175 0.1463215346398285 0.13585013607178292
176 0.14432875991803099 0.13406289991050346
177 0.14236244165177206 0.1322988527267584
178 0.1404225901315109 0.13055799505433405
179 0.1385091945101834 0.12884031010714908
180 0.13662222355574502 0.12714576439733616
181 0.13476162642331405 0.12547430836780732
182 0.13292733344296961 0.12382587703626455
183 0.13111925691942666 0.12220039064774282
184 0.12933729193997665 0.12059775533290924
185 0.12758131718726878 0.11901786376948814
186 0.12585119575370693 0.11746059584432628
187 0.12414677595443036 0.11592581931377872
188 0.12246789213606192 0.11441339046024501
189 0.12081436547861345 0.11292315474285451
190 0.1191860047881465 0.11145494744045462
191 0.1175826072780004 0.11000859428522311
192 0.11600395933660501 0.10858391208537739
193 0.11444983728009457 0.10718070933561244
194 0.11292000808814462 0.10579878681405006
195 0.11141423012163554 0.10443793816462717
196 0.10993225382093946 0.10309795046399142
197 0.10847382238379712 0.10177860477210776
198 0.10703867242191839 0.1004796766659069
199 0.10562653459560568 0.09920093675542845
200 0.10423713422583805 0.09794215118202494
201 0.10287019188340348 0.09670308209829998
202 0.1015254239547873 0.0954834881295534
203 0.10020254318465253 0.09428312481659931
204 0.09890125919485417 0.09310174503990641
205 0.09762127898003256 0.09193909942509004
206 0.09636230737992027 0.09079493672985464
207 0.0951240475285846 0.08966900421255038
208 0.09390620128089809 0.08856104798256619
209 0.09270846961659798 0.08747081333283262
210 0.0915305530223533 0.08639804505475214
211 0.09037215185231068 0.08534248773591771
212 0.08923296666763035 0.08430388604101276
213 0.08811269855556773 0.08328198497631586
214 0.08701104942867954 0.08227653013825866
215 0.08592772230476609 0.08128726794650708
216 0.08486242156817647 0.08031394586205103
217 0.08381485321312329 0.07935631259080153
218 0.08278472506966024 0.07841411827320395
219 0.08177174701298626 0.07748711466038098
220 0.08077563115674238 0.07657505527732526
221 0.07979609203096569 0.07567769557365739
222 0.07883284674536462 0.07479479306247104
223 0.07788561513857165 0.07392610744777514
224 0.07695411991402348 0.07307140074104429
225 0.07603808676310686 0.07223043736737836
226 0.07513724447619821 0.07140298426176304
227 0.07425132504221041 0.07058881095591853
228 0.07338006373724587 0.06978768965620372
229 0.07252319920294062 0.06899939531304274
230 0.07168047351506389 0.06822370568231843
231 0.07085163224292543 0.06746040137917109
232 0.07003642450012014 0.0667092659246236
233 0.06923460298712342 0.06597008578544242
234 0.0684459240262326 0.06524265040762835
235 0.0676701475893301 0.06452675224391824
236 0.06690703731892444 0.0638221867756619
237 0.06615636054290838 0.06312875252942854
238 0.06541788828345368 0.06244625108867775
239 0.06469139526044276 0.061774487100818884
240 0.06397665988982157 0.061113268279969477
241 0.06327346427723833 0.06046240540570581
242 0.06258159420731502 0.05982171231808997
243 0.06190083912888485 0.05919100590923964
244 0.06123099213650611 0.0585701061116989
245 0.06057184994855386 0.057958835883851374
246 0.05992321288217044 0.057357021192607334
247 0.0592848848253405 0.056764490993583785
248 0.05865667320634563 0.056181077208985145
249 0.058038388960835775 0.05560661470338067
250 0.057429846496742196 0.055040941257565014
251 0.05683086365724355 0.05448389754067609
252 0.05624126168198649 0.053935327080737186
253 0.05566086516674455 0.053395076233778455
254 0.055089502021695075 0.052862994151684245
255 0.054527003428475856 0.052338932748905415
256 0.053973203796178676 0.051822746668165186
257 0.053427940716421804 0.051314293245280806
258 0.05289105491763815 0.05081343247321512
259 0.052362390218704834 0.05032002696546427
260 0.051841793482030454 0.04983394191888155
261 0.05132911456621094 0.0493550450760315
262 0.050824206278354184 0.04888320668715927
263 0.05032692432616837 0.04841829947185844
264 0.049837127269901374 0.04796019858051089
265 0.049354676474211726 0.047508781555569625
266 0.048879436060045814 0.047063928292749496
267 0.04841127285659001 0.04662552100218541
268 0.047950056353361595 0.04619344416961384
269 0.04749565865249569 0.04576758451762995
270 0.04704795442128227 0.04534783096706531
271 0.04660682084500092 0.04493407459853217
272 0.04617213758009913 0.04452620861417291
273 0.04574378670775282 0.04412412829965109
274 0.04532165268784706 0.04372773098641784
275 0.044905622313408736 0.04333691601428401
276 0.04449558466552188 0.0429515846943249
277 0.04409143106875103 0.04257164027214408
278 0.04369305504709774 0.04219698789151598
279 0.04330035228050962 0.041827534558430746
280 0.042913220561961486 0.04146318910555709
281 0.04253155975512363 0.041103862157139195
282 0.04215527175263249 0.040749466094342865
283 0.041784260434973436 0.040399915021062494
284 0.04141843162998771 0.04005512473019932
285 0.04105769307301031 0.03971501267042102
286 0.04070195436764571 0.039379497913408834
287 0.040351126947186414 0.03904850112160057
288 0.04000512403667833 0.03872194451643279
289 0.03966386061563444 0.03839975184708769
290 0.0393272533813988 0.03808184835974651
291 0.038995220713160444 0.03776816076735205
292 0.038667682636616144 0.0374586172198816
293 0.0383445607892807 0.03715314727512993
294 0.03802577838644181 0.03685168187000219
295 0.03771126018775533 0.03655415329231581
296 0.03740093246447827 0.036260495153108835
297 0.03709472296733328 0.035970642359452916
298 0.03679256089500006 0.035684531087767896
299 0.03649437686322787 0.03540209875763395
300 0.03620010287456197 0.03512328400609813
301 0.03590967228867831 0.03484802666247086
302 0.03562301979331892 0.034576267723606946
303 0.035340081375819545 0.03430794932966751
304 0.03506079429522417 0.034043014740355836
305 0.03478509705497529 0.03378140831162324
306 0.034512929376175 0.0335230754728382
307 0.03424423217140546 0.03326796270441236
308 0.033978947519102506 0.03301601751587904
309 0.03371701863847237 0.03276718842441552
310 0.03345838986494321 0.032521424933804596
311 0.03320300662614242 0.03227867751382795
312 0.03295081541839112 0.03203889758008455
313 0.03270176378370604 0.031802037474227926
314 0.032455800287300815 0.03156805044461512
315 0.03221287449557691 0.031336890627360434
316 0.03197293695459498 0.031108513027787235
317 0.031735939169018984 0.030882873502271216
318 0.031501833581522524 0.0306599287404676
319 0.031270573552649346 0.03043963624791577
320 0.031042113341118987 0.030221954329014623
321 0.030816408084568543 0.030006842070361507
322 0.030593413780722438 0.0297942593244478
323 0.03037308726898083 0.02958416669370509
324 0.03015538621241877 0.029376525514894225
325 0.029940269080186564 0.02917129784383118
326 0.029727695130304613 0.02896844644044335
327 0.029517624392843125 0.028767934754148988
328 0.02931001765347909 0.02856972690955404
329 0.029104836437422326 0.028373787692459292
330 0.028902042993702935 0.028180082536172317
331 0.02870160027981216 0.027988577508117153
332 0.028503471946688806 0.027799239296736278
333 0.028307622324044313 0.02761203519867818
334 0.028114016406018093 0.02742693310626479
335 0.027922619837156534 0.027243901495233334
336 0.0277333988987088 0.027062909412745802
337 0.027546320495230776 0.02688392646566143
338 0.027361352141492545 0.026706922809065364
339 0.027178461949680578 0.026531869135049624
340 0.026997618616889325 0.026358736661738828
341 0.026818791412894512 0.026187497122557423
342 0.026641950168203116 0.02601812275573149
343 0.02646706526237232 0.025850586294021358
344 0.026294107612592415 0.025684860954678878
345 0.026123048662526724 0.02552092042962479
346 0.025953860371403382 0.02535873887584183
347 0.02578651520335276 0.025198290905977895
348 0.025620986116984885 0.025039551579155363
349 0.02545724655520138 0.024882496391981247
350 0.025295270435236515 0.024727101269754716
351 0.025135032138922247 0.024573342557866168
352 0.024976506503171344 0.02442119701338519
353 0.024819668810674454 0.02427064179683169
354 0.024664494780805575 0.024121654464126785
355 0.02451096056073085 0.02397421295871991
356 0.024359042716717048 0.023828295603886628
357 0.024208718225633183 0.023683881095194866
358 0.0240599644666429 0.02354094849313513
359 0.02391275921308147 0.023399477215910448
360 0.023767080624513756 0.023259447032383654
361 0.023622907238969496 0.023120838055177104
362 0.02348021796535002 0.022983630733922455
363 0.0233389920760047 0.02284780584865616
364 0.023199209199470747 0.022713344503358476
365 0.023060849313374862 0.022580228119631254
366 0.022923892737490743 0.022448438430512967
367 0.022788320126950458 0.022317957474426314
368 0.022654112465605482 0.02218876758925675
369 0.022521251059533155 0.022060851406557908
370 0.022389717530686998 0.02193419184588159
371 0.022259493810685156 0.02180877210922913
372 0.022130562134735597 0.021684575675622077
373 0.022002905035694357 0.021561586295788106
374 0.021876505338252843 0.021439787986961285
375 0.02175134615325258 0.021319165027792537
376 0.02162741087212342 0.021199701953368857
377 0.021504683161442422 0.02108138355033789
378 0.02138314695761136 0.02096419485213652
379 0.021262786461648663 0.020848121134320396
380 0.021143586134095036 0.020733147909991905
381 0.021025530690027813 0.02061926092532504
382 0.020908605094183838 0.02050644615518464
383 0.020792794556186496 0.02039468979883768
384 0.02067808452587546 0.020283978275754767
385 0.02056446068873673 0.020174298221499604
386 0.02045190896142992 0.020065636483704807
387 0.020340415487411403 0.019957980118131435
388 0.020229966632650795 0.019851316384811194
389 0.020120548981438165 0.019745632744268726
390 0.020012149332280654 0.019640916853822448
391 0.019904754693885654 0.01953715656396244
392 0.019798352281229295 0.01943433991480304
393 0.019692929511707622 0.01933245513260899
394 0.019588474001369108 0.01923149062639344
395 0.019484973561226082 0.019131434984585638
396 0.019382416193643677 0.019032276971767462
397 0.01928079008880455 0.01893400552547704
398 0.019180083621247204 0.018836609753077466
399 0.01908028534647659 0.018740078928690014
400 0.018981383997645474 0.018644402490189428
401 0.018883368482304305 0.018549570036260947
402 0.018786227879218916 0.018455571323516832
403 0.018689951435253666 0.018362396263671373
404 0.01859452856231906 0.01827003492077341
405 0.01849994883438239 0.01817847750849445
406 0.018406201984539673 0.018087714387471757
407 0.018313277902147533 0.017997736062704613
408 0.018221166630014232 0.017908533181003203
409 0.018129858361647325 0.017820096528488462
410 0.018039343438558304 0.017732417028142114
411 0.017949612347621515 0.017645485737405417
412 0.017860655718486655 0.01755929384582577
413 0.017772464321043988 0.01747383267275044
414 0.017685029062940564 0.017389093665065598
415 0.017598340987146556 0.01730506839498063
416 0.01751239126957061 0.017221748557855736
417 0.017427171216723276 0.017139125970072677
418 0.01734267226342668 0.017057192566947384
419 0.017258885970570497 0.01697594040068364
420 0.017175804022912772 0.01689536163836659
421 0.017093418226923875 0.01681544855999589
422 0.017011720508674097 0.016736193556556776
423 0.01693070291176246 0.016657589128129185
424 0.016850357595286733 0.016579627882033307
425 0.016770676831853647 0.01650230253101126
426 0.016691653005628013 0.016425605891443637
427 0.01661327861042026 0.01634953088160111
428 0.016535546247811683 0.016274070519929094
429 0.016458448625315876 0.016199217923365778
430 0.016381978554576605 0.016124966305692268
431 0.016306128949600318 0.016051308975914287
432 0.016230892825023175 0.015978239336675058
433 0.016156263294411697 0.015905750882698015
434 0.01608223356859636 0.01583383719925967
435 0.016008796954036994 0.015762491960690815
436 0.015935946851220073 0.015691708928906773
437 0.015863676753086604 0.015621481951964958
438 0.01579198024349006 0.015551804962649934
439 0.01572085099568408 0.015482671977084852
440 0.015650282770838693 0.015414077093369102
441 0.015580269416585133 0.015346014490241575
442 0.015510804865587972 0.015278478425768693
443 0.015441883134144508 0.015211463236057095
444 0.015373498320810745 0.015144963333990145
445 0.015305644605052949 0.015078973207988068
446 0.015238316245924963 0.015013487420791073
447 0.015171507580770216 0.014948500608264602
448 0.015105213023947885 0.01488400747822722
449 0.015039427065583345 0.01482000280929959
450 0.014974144270341262 0.01475648144977481
451 0.014909359276222289 0.014693438316509558
452 0.014845066793381368 0.014630868393835162
453 0.01478126160296863 0.01456876673248904
454 0.014717938555991099 0.014507128448565096
455 0.014655092572195907 0.014445948722483594
456 0.014592718638973635 0.014385222797979462
457 0.014530811810282249 0.014324945981109002
458 0.01446936720559028 0.014265113639274503
459 0.01440838000883975 0.014205721200266414
460 0.014347845467427605 0.014146764151322816
461 0.014287758891206159 0.01408823803820562
462 0.014228115651501259 0.014030138464293417
463 0.014168911180148529 0.013972461089690427
464 0.014110140968546781 0.013915201630351367
465 0.014051800566728775 0.013858355857222027
466 0.013993885582448625 0.013801919595394627
467 0.013936391680285251 0.013745888723278823
468 0.013879314580762588 0.013690259171786765
469 0.013822650059484846 0.01363502692353263
470 0.01376639394628746 0.013580188012046527
471 0.013710542124403357 0.013525738521001836
472 0.01365509052964358 0.013471674583456331
473 0.013600035149592835 0.013417992381106277
474 0.013545372022819094 0.013364688143553955
475 0.013491097238096987 0.013311758147587425
476 0.013437206933645187 0.013259198716473176
477 0.013383697296376968 0.01320700621926082
478 0.01333056456116382 0.013155177070099874
479 0.013277805010112217 0.013103707727568265
480 0.013225414971852686 0.01305259469401254
481 0.013173390820841449 0.013001834514899132
482 0.013121728976674197 0.012951423778176952
483 0.01307042590341156 0.0129013591136509
484 0.013019478108916488 0.012851637192365775
485 0.01296888214420278 0.01280225472600103
486 0.012918634602795132 0.012753208466275569
487 0.012868732120099934 0.012704495204362664
488 0.012819171372787028 0.012656111770314896
489 0.012769949078181703 0.012608055032498497
490 0.012721061993667612 0.012560321897037615
491 0.012672506916099245 0.012512909307267504
492 0.012624280681224889 0.012465814243197253
493 0.01257638016311897 0.01241903372098125
494 0.012528802273624256 0.0123725647923994
495 0.012481543961803315 0.012326404544346395
496 0.0124346022133994 0.012280550098328924
497 0.012387974050305983 0.012234998609971712
498 0.012341656530045764 0.01218974726853139
499 0.01229564674525777 0.01214479329641859
500 0.012249941823193581 0.01210013394872771
501 0.012204538925221477 0.01205576651277472
502 0.012159435246339084 0.01201168830764212
503 0.01211462801469411 0.011967896683731894
504 0.012070114491112732 0.011924389022325068
505 0.01202589196863616 0.011881162735149156
506 0.011981957772064497 0.011838215263952094
507 0.011938309257508254 0.011795544080083476
508 0.011894943811947278 0.011753146684082172
509 0.011851858852796568 0.011711020605271072
510 0.011809051827479712 0.01166916340135797
511 0.011766520213008827 0.011627572658043001
512 0.011724261515571365 0.011586245988632587
513 0.011682273270123915 0.01154518103365907
514 0.011640553039992214 0.011504375460506951
515 0.011599098416477969 0.011463826963044889
516 0.011557907018471668 0.011423533261263365
517 0.011516976492071798 0.01138349210091837
518 0.011476304510210263 0.0113437012531807
519 0.01143588877228359 0.01130415851429057
520 0.01139572700379008 0.011264861705218055
521 0.01135581695597292 0.011225808671328392
522 0.011316156405468665 0.011186997282053116
523 0.011276743153961585 0.011148425430565904
524 0.011237575027843371 0.011110091033463556
525 0.011198649877878008 0.01107199203045224
526 0.011159965578872482 0.011034126384038261
527 0.011121520029351975 0.010996492079223876
528 0.01108331115124073 0.010959087123207822
529 0.011045336889547574 0.010921909545090189
530 0.011007595212056496 0.010884957395582347
531 0.01097008410902206 0.010848228746720952
532 0.010932801592869544 0.010811721691586495
533 0.01089574569789958 0.010775434344026062
534 0.010858914479997686 0.010739364838380654
535 0.010822306016348045 0.010703511329216231
536 0.010785918405151692 0.010667871991059258
537 0.010749749765349323 0.010632445018136006
538 0.010713798236347894 0.010597228624115912
539 0.010678061977751886 0.010562221041858949
540 0.010642539169098452 0.010527420523166554
541 0.010607228009596528 0.010492825338536554
542 0.010572126717870209 0.010458433776921766
543 0.010537233531705624 0.010424244145492012
544 0.010502546707802067 0.010390254769399905
545 0.010468064521526531 0.010356463991550161
546 0.010433785266672433 0.010322870172372201
547 0.01039970725522118 0.010289471689596354
548 0.010365828817108326 0.01025626693803308
549 0.010332148299992419 0.010223254329355903
550 0.010298664069027687 0.010190432291887099
551 0.010265374506640099 0.010157799270386925
552 0.010232278012306736 0.010125353725845837
553 0.010199373002338403 0.010093094135279508
554 0.010166657909665497 0.010061018991527473
555 0.010134131183627158 0.010029126803054029
556 0.01010179128976341 0.009997416093752591
557 0.01006963670961029 0.009965885402752471
558 0.010037665940498283 0.009934533284228981
559 0.01000587749535351 0.00990335830721576
560 0.009974269902501847 0.00987235905542028
561 0.009942841705476038 0.009841534127041626
562 0.009911591462825404 0.00981088213459137
563 0.009880517747928579 0.00978040170471653
564 0.00984961914880887 0.009750091478025533
565 0.009818894267952181 0.009719950108916294
566 0.009788341722127785 0.009689976265407095
567 0.0097579601422116 0.009660168628969672
568 0.009727748173011943 0.0096305258943648
569 0.009697704473097923 0.00960104676947999
570 0.00966782771463017 0.009571729975170008
571 0.009638116583194172 0.009542574245099062
572 0.009608569777635845 0.009513578325585557
573 0.009579186009899439 0.009484740975449175
574 0.009549964004867987 0.009456060965859664
575 0.009520902500205722 0.00942753708018818
576 0.009492000246202881 0.009399168113860566
577 0.009463256005622795 0.009370952874212619
578 0.009434668553551049 0.009342890180347542
579 0.009406236677246596 0.009314978862995257
580 0.009377959175995388 0.009287217764373738
581 0.009349834860965776 0.009259605738052285
582 0.009321862555065846 0.009232141648816673
583 0.009294041092803096 0.009204824372536152
584 0.009266369320145759 0.009177652796032394
585 0.009238846094386235 0.009150625816950154
586 0.009211470284006453 0.009123742343629651
587 0.009184240768544901 0.009097001294980943
588 0.00915715643846565 0.009070401600359702
589 0.009130216195029276 0.009043942199445152
590 0.00910341895016539 0.00901762204211904
591 0.009076763626347056 0.00899144008834686
592 0.00905024915646672 0.008965395308060441
593 0.009023874483714285 0.008939486681042018
594 0.008997638561456358 0.008913713196810181
595 0.008971540353117431 0.008888073854507007
596 0.00894557883206272 0.008862567662787112
597 0.008919752981482386 0.008837193639707768
598 0.008894061794277496 0.00881195081262097
599 0.008868504272947553 0.008786838218066553
600 0.008843079429479445 0.008761854901666952
601 0.008817786285237897 0.008736999918023331
602 0.008792623870857542 0.008712272330613183
603 0.008767591226136297 0.008687671211689015
604 0.008742687399930251 0.008663195642178803
605 0.008717911450049895 0.008638844711587412
606 0.008693262443157915 0.008614617517899468
607 0.008668739454668093 0.008590513167483601
608 0.008644341568645728 0.0085665307749978
609 0.008620067877709421 0.008542669463296097
610 0.00859591748293407 0.00851892836333645
611 0.00857188949375504 0.008495306614089874
612 0.008547983027873927 0.008471803362450753
613 0.008524197211165365 0.008448417763148287
614 0.008500531177584881 0.008425148978659177
615 0.008476984069078444 0.00840199617912139
616 0.008453555035492697 0.008378958542249005
617 0.008430243234486727 0.008356035253248318
618 0.0084070478314448 0.008333225504734833
619 0.008383967999390306 0.008310528496651523
620 0.00836100291890074 0.00828794343618804
621 0.00833815177802406 0.00826546953770092
622 0.008315413772195699 0.008243106022635015
623 0.008292788104157105 0.008220852119445687
624 0.008270273983874936 0.008198707063522125
625 0.008247870628461619 0.008176670097111826
626 0.008225577262096821 0.00815474046924549
627 0.008203393115949694 0.00813291743566361
628 0.00818131742810266 0.008111200258743475
629 0.008159349443475622 0.008089588207427131
630 0.008137488413751448 0.008068080557150602
631 0.00811573359730232 0.008046676589773614
632 0.008094084259117057 0.008025375593510487
633 0.008072539670729396 0.008004176862861732
634 0.008051099110147016 0.00798307969854654
635 0.008029761861781715 0.00796208340743624
636 0.00800852721638015 0.007941187302488443
637 0.007987394470955905 0.00792039070268205
638 0.007966362928721927 0.007899692932953183
639 0.00794543189902418 0.007879093324131715
640 0.007924600697275892 0.007858591212878793
641 0.007903868644892776 0.007838185941624994
642 0.00788323506922901 0.007817876858509319
643 0.007862699303514065 0.0077976633173189504
644 0.007842260686790224 0.007777544677429716
645 0.007821918563850866 0.007757520303747288
646 0.007801672285179809 0.00773758956664914
647 0.0077815212068909154 0.007717751841927271
648 0.0077614646906689275 0.007698006510731431
649 0.007741502103710695 0.0076783529595132755
650 0.007721632818667355 0.007658790579971108
651 0.007701856213586985 0.007639318768995247
652 0.007682171671858219 0.007619936928614101
653 0.007662578582154437 0.0076006444659410186
654 0.007643076338378565 0.007581440793121568
655 0.007623664339608699 0.007562325327281565
656 0.007604341990044301 0.007543297490475817
657 0.007585108698952989 0.00752435670963727
658 0.00756596388061821 0.007505502416527046
659 0.007546906954287294 0.007486734047684837
660 0.007527937344120246 0.007468051044379984
661 0.007509054479139195 0.007449452852563242
662 0.00749025779317831 0.007430938922818955
663 0.007471546724834613 0.007412508710317947
664 0.007452920717418977 0.007394161674770789
665 0.00743437921890809 0.007375897280381938
666 0.0074159216818966926 0.0073577149958040725
667 0.007397547563550726 0.007339614294093213
668 0.007379256325560651 0.007321594652664305
669 0.0073610474340956005 0.007303655553247146
670 0.007342920359758021 0.007285796481843264
671 0.0073248745775388 0.00726801692868289
672 0.007306909566772906 0.007250316388182524
673 0.007289024811095721 0.007232694358903226
674 0.00727121979839967 0.007215150343509197
675 0.007253494020791501 0.007197683848726804
676 0.007235846974550087 0.007180294385304214
677 0.00721827816008451 0.007162981467971487
678 0.007200787081893005 0.007145744615401087
679 0.007183373248522092 0.007128583350168805
680 0.0071660361725261485 0.007111497198715255
681 0.0071487753704278754 0.007094485691307731
682 0.007131590362678577 0.007077548362002627
683 0.007114480673619573 0.0070606847486080065
684 0.007097445831443552 0.007043894392647005
685 0.007080485368156604 0.007027176839321287
686 0.007063598819540712 0.007010531637475145
687 0.00704678572511654 0.006993958339559958
688 0.0070300456281067935 0.006977456501599085
689 0.0070133780753999135 0.006961025683152944
690 0.00699678261751425 0.006944665447284941
691 0.006980258808562515 0.006928375360527237
692 0.006963806206216847 0.0069121549928474295
693 0.006947424371674194 0.006896003917615131
694 0.006931112869621919 0.006879921711569403
695 0.006914871268204104 0.006863907954786115
696 0.006898699138987931 0.00684796223064599
697 0.006882596056930772 0.006832084125802872
698 0.006866561600347383 0.006816273230152318
699 0.006850595350877498 0.006800529136800682
700 0.006834696893454042 0.0067848514420345216
701 0.006818865816271289 0.006769239745290006
702 0.006803101710753789 0.006753693649123353
703 0.006787404171525419 0.006738212759180911
704 0.006771772796378772 0.006722796684169906
705 0.006756207186244976 0.006707445035829627
706 0.0067407069451639115 0.0066921574289025305
707 0.006725271680254467 0.00667693348110611
708 0.0067099010016855275 0.006661772813104785
709 0.006694594522647051 0.00664667504848224
710 0.006679351859321413 0.006631639813713953
711 0.00666417263085523 0.006616666738140143
712 0.006649056459331449 0.006601755453938991
713 0.006634002969741709 0.006586905596100102
714 0.006619011789958997 0.006572116802398306
715 0.006604082550710678 0.006557388713367717
716 0.0065892148855517295 0.006542720972276096
717 0.006574408430838361 0.006528113225099431
718 0.006559662825701894 0.006513565120497043
719 0.006544977712022851 0.006499076309786466
720 0.006530352734405497 0.0064846464469192466
721 0.006515787540152475 0.006470275188456379
722 0.0065012817792397745 0.006455962193544465
723 0.00648683510429214 0.0064417071238919
724 0.006472447170558492 0.006427509643745364
725 0.006458117635887724 0.006413369419866629
726 0.006443846160704825 0.006399286121509504
727 0.006429632407987165 0.00638525942039714
728 0.006415476043241079 0.006371288990699492
729 0.0064013767344787845 0.006357374509011102
730 0.006387334152195282 0.006343515654329005
731 0.006373347969345865 0.006329712108031052
732 0.006359417861323596 0.006315963553854265
733 0.006345543505937131 0.006302269677873524
734 0.006331724583388834 0.006288630168480538
735 0.006317960776252988 0.00627504471636285
736 0.006304251769454313 0.006261513014483338
737 0.006290597250246794 0.006248034758059639
738 0.006276996908192545 0.006234609644544022
739 0.006263450435141094 0.006221237373603319
740 0.006249957525208773 0.006207917647099213
741 0.006236517874758327 0.006194650169068593
742 0.00622313118237879 0.006181434645704197
743 0.006209797148865571 0.006168270785335388
744 0.006196515477200665 0.006155158298409263
745 0.006183285872533167 0.006142096897471786
746 0.006170108042159992 0.006129086297149312
747 0.006156981695506756 0.006116126214130114
748 0.00614390654410878 0.006103216367146197
749 0.006130882301592475 0.006090356476955295
750 0.006117908683656798 0.006077546266323138
751 0.006104985408054905 0.006064785460005656
752 0.006092112194576043 0.006052073784731641
753 0.006079288765027594 0.006039410969185471
754 0.006066514843217329 0.0060267967439899305
755 0.006053790154935798 0.006014230841689421
756 0.006041114427938981 0.006001712996733091
757 0.00602848739193102 0.005989242945458345
758 0.006015908778547319 0.00597682042607435
759 0.006003378321337436 0.005964445178645979
760 0.0059908957557486976 0.005952116945077503
761 0.005978460819109419 0.005939835469096865
762 0.005966073250612708 0.0059276004962398625
763 0.005953732791300256 0.005915411773834591
764 0.00594143918404632 0.005903269050985989
765 0.00592919217354182 0.005891172078560569
766 0.005916991506278774 0.005879120609171361
767 0.0059048369305346494 0.005867114397162862
768 0.0058927281963570555 0.0058551531985962775
769 0.0058806650555484905 0.005843236771234916
770 0.005868647261651335 0.005831364874529517
771 0.0058566745699328605 0.005819537269604041
772 0.005844746737370562 0.0058077537192413545
773 0.005832863522637479 0.0057960139878691945
774 0.005821024686087785 0.00578431784154616
775 0.005809229989742445 0.005772665047948038
776 0.005797479197274978 0.005761055376353975
777 0.0057857720739975995 0.0057494885976331084
778 0.005774108386847153 0.005737964484231044
779 0.005762487904371408 0.005726482810156678
780 0.0057509103967155195 0.005715043350969005
781 0.005739375635608428 0.005703645883764206
782 0.0057278833943496645 0.00569229018716266
783 0.005716433447795969 0.005680976041296338
784 0.005705025572348335 0.005669703227796013
785 0.005693659545938999 0.005658471529778971
786 0.005682335148018643 0.00564728073183648
787 0.005671052159543682 0.005636130620021592
788 0.005659810362963681 0.005625020981836963
789 0.005648609542208952 0.005613951606223017
790 0.0056374494826781415 0.005602922283545818
791 0.005626329971226118 0.005591932805585403
792 0.005615250796151843 0.005580982965524199
793 0.00560421174718642 0.005570072557935318
794 0.005593212615481204 0.005559201378771181
795 0.0055822531935960885 0.00554836922535224
796 0.005571333275487904 0.005537575896355757
797 0.005560452656498945 0.005526821191804536
798 0.005549611133345452 0.005516104913056176
799 0.005538808504106438 0.005505426862791941
800 0.005528044568212454 0.00549478684500614
801 0.005517319126434562 0.005484184664995352
802 0.005506631980873345 0.005473620129347845
803 0.005495982934948071 0.0054630930459331276
804 0.005485371793385897 0.005452603223891522
805 0.005474798362211304 0.005442150473623933
806 0.005464262448735449 0.005431734606781616
807 0.005453763861545825 0.005421355436256123
808 0.00544330241049583 0.00541101277616928
809 0.005432877906694605 0.0054007064418633245
810 0.005422490162496791 0.00539043624989106
811 0.005412138991492534 0.005380202018006146
812 0.005401824208497553 0.005370003565153558
813 0.005391545629543213 0.00535984071145996
814 0.005381303071866834 0.005349713278224306
815 0.005371096353901923 0.005339621087908499
816 0.005360925295268698 0.005329563964128145
817 0.005350789716764515 0.005319541731643299
818 0.005340689440354485 0.005309554216349505
819 0.005330624289162193 0.0052996012452686675
820 0.005320594087460442 0.005289682646540222
821 0.005310598660662077 0.0052797982494122205
822 0.005300637835311026 0.00526994788423266
823 0.005290711439073256 0.005260131382440741
824 0.005280819300727884 0.0052503485765583455
825 0.005270961250158433 0.005240599300181473
826 0.00526113711834403 0.005230883387971771
827 0.005251346737350869 0.005221200675648321
828 0.0052415899403235565 0.005211550999979194
829 0.005231866561476704 0.005201934198773392
830 0.005222176436086461 0.005192350110872618
831 0.005212519400482265 0.005182798576143278
832 0.005202895292038511 0.005173279435468481
833 0.005193303949166485 0.005163792530740178
834 0.005183745211306179 0.005154337704851268
835 0.005174218918918301 0.005144914801687909
836 0.005164724913476376 0.00513552366612176
837 0.005155263037458776 0.005126164144002438
838 0.00514583313434104 0.005116836082149898
839 0.00513643504858802 0.005107539328347005
840 0.005127068625646307 0.005098273731332073
841 0.005117733711936635 0.00508903914079159
842 0.005108430154846317 0.005079835407352886
843 0.005099157802721868 0.005070662382576939
844 0.00508991650486148 0.005061519918951226
845 0.005080706111507968 0.005052407869882651
846 0.0050715264738411675 0.00504332608969049
847 0.005062377443971046 0.005034274433599499
848 0.0050532588749304845 0.005025252757732989
849 0.005044170620668199 0.005016260919105975
850 0.005035112536041714 0.005007298775618428
851 0.005026084476810548 0.004998366186048588
852 0.005017086299629264 0.004989463010046274
853 0.005008117862040713 0.0049805891081263175
854 0.004999179022469222 0.004971744341662039
855 0.004990269640214005 0.00496292857287877
856 0.004981389575442444 0.0049541416648474345
857 0.004972538689183605 0.004945383481478167
858 0.00496371684332169 0.004936653887514066
859 0.004954923900589611 0.0049279527485249185
860 0.004946159724562573 0.004919279930901016
861 0.004937424179651785 0.004910635301847018
862 0.004928717131098144 0.004902018729375835
863 0.00492003844496604 0.004893430082302688
864 0.004911387988137153 0.004884869230239045
865 0.004902765628304381 0.004876336043586778
866 0.004894171233965806 0.0048678303935322095
867 0.004885604674418588 0.0048593521520403455
868 0.0048770658197531125 0.004850901191849113
869 0.004868554540847085 0.004842477386463617
870 0.004860070709359592 0.004834080610150506
871 0.00485161419772545 0.004825710737932311
872 0.004843184879149334 0.004817367645581942
873 0.0048347826276001205 0.004809051209617058
874 0.004826407317805309 0.004800761307294743
875 0.004818058825245299 0.004792497816605924
876 0.004809737026147982 0.004784260616270136
877 0.004801441797483113 0.004776049585730099
878 0.004793173016956979 0.004767864605146461
879 0.004784930563006914 0.004759705555392565
880 0.004776714314795977 0.004751572318049234
881 0.004768524152207605 0.004743464775399652
882 0.004760359955840401 0.004735382810424243
883 0.00475222160700289 0.004727326306795584
884 0.004744108987708351 0.004719295148873439
885 0.004736021980669638 0.004711289221699735
886 0.004727960469294191 0.00470330841099367
887 0.004719924337678912 0.004695352603146777
888 0.0047119134706052074 0.004687421685218131
889 0.004703927753534003 0.00467951554492947
890 0.0046959670726008694 0.00467163407066055
891 0.004688031314611148 0.0046637771514442565
892 0.004680120367035045 0.004655944676962017
893 0.004672234118002944 0.0046481365375391865
894 0.0046643724563006 0.004640352624140332
895 0.004656535271364449 0.004632592828364762
896 0.0046487224532769334 0.00462485704244196
897 0.004640933892761908 0.004617145159227084
898 0.004633169481179979 0.004609457072196536
899 0.004625429110524019 0.004601792675443495
900 0.004617712673414648 0.004594151863673616
901 0.004610020063095715 0.004586534532200651
902 0.004602351173429917 0.004578940576942103
903 0.0045947058988943575 0.004571369894415032
904 0.004587084134576197 0.004563822381731756
905 0.00457948577616839 0.004556297936595697
906 0.004571910719965235 0.004548796457297157
907 0.00456435886285833 0.004541317842709275
908 0.004556830102332189 0.004533861992283884
909 0.004549324336460142 0.004526428806047463
910 0.004541841463900185 0.004519018184597042
911 0.00453438138389084 0.00451163002909632
912 0.004526943996247037 0.004504264241271635
913 0.0045195292013561796 0.004496920723408069
914 0.004512136900174059 0.004489599378345491
915 0.004504766994220906 0.004482300109474793
916 0.004497419385577373 0.004475022820733955
917 0.004490093976880707 0.004467767416604333
918 0.0044827906713208795 0.004460533802106819
919 0.004475509372636636 0.004453321882798155
920 0.004468249985111789 0.004446131564767184
921 0.004461012413571365 0.004438962754631207
922 0.004453796563377849 0.004431815359532304
923 0.004446602340427533 0.004424689287133761
924 0.0044394296511467354 0.004417584445616428
925 0.004432278402488182 0.0044105007436752
926 0.004425148501927388 0.0044034380905154736
927 0.004418039857459019 0.004396396395849636
928 0.004410952377593311 0.004389375569893626
929 0.004403885971352612 0.004382375523363454
930 0.004396840548267701 0.0043753961674717675
931 0.004389816018374492 0.004368437413924536
932 0.0043828122922104605 0.004361499174917617
933 0.00437582928081119 0.004354581363133443
934 0.004368866895707098 0.00434768389173777
935 0.00436192504891987 0.004340806674376267
936 0.004355003652959287 0.004333949625171392
937 0.004348102620819863 0.004327112658719094
938 0.004341221865977419 0.004320295690085616
939 0.004334361302386008 0.004313498634804325
940 0.004327520844474544 0.004306721408872619
941 0.004320700407143621 0.004299963928748646
942 0.0043138999057623344 0.004293226111348372
943 0.004307119256165097 0.00428650787404239
944 0.004300358374648525 0.004279809134652943
945 0.004293617177968287 0.004273129811450827
946 0.004286895583336052 0.004266469823152414
947 0.004280193508416386 0.0042598290889167304
948 0.0042735108713237374 0.00425320752834238
949 0.004266847590619417 0.004246605061464697
950 0.00426020358530863 0.004240021608752822
951 0.004253578774837421 0.0042334570911067935
952 0.0042469730790898426 0.00422691142985471
953 0.004240386418384954 0.004220384546749863
954 0.004233818713473905 0.004213876363967919
955 0.004227269885537186 0.004207386804104129
956 0.00422073985618162 0.004200915790170559
957 0.004214228547437608 0.004194463245593333
958 0.004207735881756335 0.0041880290942098415
959 0.004201261782006951 0.0041816132602661635
960 0.004194806171473759 0.00417521566841424
961 0.004188368973853625 0.004168836243709294
962 0.00418195011325309 0.004162474911607095
963 0.004175549514185746 0.00415613159796144
964 0.00416916710156955 0.004149806229021465
965 0.004162802800724167 0.004143498731429057
966 0.0041564565373682924 0.004137209032216361
967 0.004150128237617113 0.004130937058803123
968 0.004143817827979656 0.004124682738994259
969 0.0041375252353561915 0.004118446000977306
970 0.004131250387035713 0.004112226773319936
971 0.004124993210693401 0.004106024984967442
972 0.004118753634388098 0.004099840565240389
973 0.00411253158655976 0.0040936734438320865
974 0.004106326996027083 0.004087523550806196
975 0.0041001397919849724 0.0040813908165944005
976 0.004093969904002034 0.004075275171993918
977 0.004087817262018345 0.004069176548165243
978 0.004081681796342844 0.004063094876629741
979 0.004075563437651071 0.004057030089267375
980 0.004069462116982769 0.004050982118314352
981 0.004063377765739519 0.004044950896360845
982 0.0040573103156824105 0.0040389363563487855
983 0.004051259698929747 0.004032938431569506
984 0.00404522584795474 0.004026957055661585
985 0.0040392086955832315 0.004020992162608582
986 0.004033208174991409 0.004015043686736879
987 0.004027224219703595 0.00400911156271346
988 0.0040212567635900375 0.004003195725543759
989 0.004015305740864632 0.003997296110569465
990 0.004009371086082786 0.003991412653466472
991 0.00400345273413919 0.00398554529024267
992 0.003997550620265751 0.003979693957235901
993 0.003991664680029332 0.0039738585911118195
994 0.0039857948493297055 0.003968039128861871
995 0.003979941064397373 0.003962235507801198
996 0.003974103261791578 0.003956447665566597
997 0.003968281378398079 0.003950675540114524
998 0.00396247535142726 0.003944919069719059
999 0.003956685118411893 0.003939178192969905
1000 0.003950910617205204 0.003933452848770398
1001 0.003945151785978904 0.003927742976335596
1002 0.003939408563221101 0.003922048515190251
1003 0.003933680887734286 0.0039163694051669185
1004 0.0039279686986334805 0.003910705586404004
1005 0.003922271935344151 0.003905056999343872
1006 0.003916590537600335 0.003899423584730962
1007 0.003910924445442722 0.0038938052836098836
1008 0.0039052735992166324 0.0038882020373235517
1009 0.0038996379395702784 0.0038826137875113444
1010 0.0038940174074527313 0.0038770404761072456
1011 0.0038884119441121357 0.0038714820453380496
1012 0.0038828214910937705 0.0038659384377214834
1013 0.003877245990238292 0.0038604095960645107
1014 0.0038716853836798766 0.0038548954634614234
1015 0.0038661396138443124 0.003849395983292179
1016 0.0038606086234473404 0.00384391109922054
1017 0.003855092355492729 0.0038384407551924297
1018 0.003849590753270576 0.00383298489543408
1019 0.00384410376035551 0.0038275434644504227
1020 0.003838631320604932 0.0038221164070232866
1021 0.0038331733781573037 0.003816703668209776
1022 0.003827729877430363 0.0038113051933405225
1023 0.0038223007631195067 0.003805920928018034
1024 0.003816885980195923 0.003800550818115055
1025 0.0038114854739051303 0.003795194809772904
1026 0.003806099189765073 0.003789852849399823
1027 0.0038007270735645905 0.0037845248836693634
1028 0.003795369071361701 0.0037792108595187425
1029 0.003790025129481997 0.0037739107241473342
1030 0.0037846951945170364 0.0037686244250149446
1031 0.0037793792133226107 0.003763351909840355
1032 0.003774077133017274 0.0037580931265996566
1033 0.003768788900980654 0.003752848023524774
1034 0.0037635144648519078 0.00374761654910186
1035 0.0037582537725281556 0.0037423986520698066
1036 0.0037530067721628924 0.003737194281418688
1037 0.0037477734121644526 0.003732003386388242
1038 0.0037425536411944656 0.0037268259164664223
1039 0.0037373474081663503 0.003721661821387851
1040 0.003732154662243731 0.0037165110511323506
1041 0.0037269753528390262 0.0037113735559235186
1042 0.0037218094296119168 0.003706249286227193
1043 0.0037166568424677644 0.003701138192750048
1044 0.003711517541556293 0.0036960402264381523
1045 0.003706391477270047 0.0036909553384755663
1046 0.003701278600242914 0.003685883480282841
1047 0.003696178861348735 0.00368082460351572
1048 0.0036910922116998248 0.0036757786600636138
1049 0.003686018602645609 0.003670745602048355
1050 0.00368095798577111 0.0036657253818226966
1051 0.0036759103128956713 0.0036607179519690097
1052 0.0036708755360714586 0.0036557232652978675
1053 0.003665853607582142 0.0036507412748467962
1054 0.0036608444799414728 0.003645771933878825
1055 0.0036558481058919495 0.0036408151958812343
1056 0.0036508644384034995 0.003635871014564135
1057 0.0036458934306720318 0.003630939343859273
1058 0.003640935036118182 0.0036260201379186814
1059 0.003635989208386017 0.0036211133511133455
1060 0.003631055901341596 0.0036162189380319473
1061 0.0036261350690717587 0.0036113368534796304
1062 0.003621226665882834 0.0036064670524766362
1063 0.003616330646299286 0.0036016094902571547
1064 0.0036114469650624674 0.00359676412226795
1065 0.0036065755771293655 0.0035919309041672724
1066 0.0036017164376713233 0.0035871097918234716
1067 0.003596869502072746 0.003582300741313897
1068 0.0035920347259299273 0.0035775037089235927
1069 0.0035872120650497726 0.0035727186511441003
1070 0.003582401475448579 0.003567945524672383
1071 0.003577602913350794 0.0035631842864093924
1072 0.003572816335187838 0.003558434893459147
1073 0.003568041697596905 0.0035536973031273624
1074 0.0035632789574197125 0.0035489714729204118
1075 0.0035585280717013654 0.0035442573605440914
1076 0.0035537889976891696 0.003539554923902488
1077 0.00354906169283146 0.0035348641210968413
1078 0.0035443461147764274 0.0035301849104244316
1079 0.003539642221370993 0.0035255172503774303
1080 0.003534949970659591 0.0035208610996417264
1081 0.0035302693208831334 0.0035162164170959237
1082 0.003525600230477781 0.003511583161810156
1083 0.003520942658073907 0.0035069612930450256
1084 0.0035162965624949125 0.003502350770250496
1085 0.0035116619027561373 0.0034977515530648074
1086 0.003507038638063802 0.0034931636013134206
1087 0.003502426727813866 0.0034885868750079286
1088 0.0034978261315909373 0.0034840213343450355
1089 0.003493236809167247 0.003479466939705418
1090 0.003488658720501522 0.003474923651652787
1091 0.003484091825737952 0.0034703914309327836
1092 0.003479536085205129 0.0034658702384719325
1093 0.0034749914594149963 0.0034613600353766857
1094 0.0034704579090618047 0.0034568607829323222
1095 0.003465935395021092 0.0034523724426020032
1096 0.003461423878348621 0.0034478949760257476
1097 0.0034569233202793805 0.0034434283450193942
1098 0.0034524336822265816 0.003438972511573664
1099 0.0034479549257806262 0.003434527437853172
1100 0.00344348701270814 0.003430093086195389
1101 0.0034390299049509142 0.003425669419109742
1102 0.0034345835646250027 0.003421256399276617
1103 0.0034301479540196763 0.0034168539895464115
1104 0.00342572303559649 0.0034124621529385358
1105 0.0034213087719882473 0.0034080808526405467
1106 0.0034169051259981555 0.003403710052007149
1107 0.003412512060598747 0.0033993497145592784
1108 0.0034081295389310077 0.0033949998039831614
1109 0.0034037575243034144 0.0033906602841294376
1110 0.0033993959801909943 0.0033863311190122005
1111 0.0033950448702344104 0.003382012272808081
1112 0.003390704158238989 0.003377703709855377
1113 0.003386373808173882 0.0033734053946531824
1114 0.00338205378417108 0.0033691172918603805
1115 0.0033777440505245596 0.0033648393662949064
1116 0.003373444571689338 0.0033605715829327374
1117 0.0033691553122806315 0.0033563139069071575
1118 0.0033648762370729213 0.0033520663035077137
1119 0.0033606073109990857 0.003347828738179516
1120 0.0033563484991495393 0.0033436011765222966
1121 0.0033520997667713494 0.0033393835842895655
1122 0.003347861079267379 0.003335175927387786
1123 0.0033436324021954076 0.003330978171875519
1124 0.003339413701267305 0.003326790283962622
1125 0.0033352049423481674 0.0033226122300093293
1126 0.003331006091455477 0.0033184439765255383
1127 0.0033268171147582295 0.003314285490169937
1128 0.0033226379785762086 0.003310136737749177
1129 0.0033184686493790633 0.0033059976862171115
1130 0.003314309093785466 0.003301868302673913
1131 0.0033101592785624145 0.003297748554365425
1132 0.0033060191706243266 0.0032936384086821755
1133 0.0033018887370322445 0.0032895378331587186
1134 0.003297767944993072 0.0032854467954728543
1135 0.0032936567618587374 0.003281365263444771
1136 0.0032895551551254554 0.0032772932050363487
1137 0.00328546309243291 0.003273230588350359
1138 0.00328138054156345 0.0032691773816296774
1139 0.0032773074704413813 0.003265133553256612
1140 0.003273243847132154 0.003261099071752046
1141 0.003269189639841563 0.0032570739057747634
1142 0.003265144816915092 0.0032530580241206617
1143 0.0032611093468370533 0.0032490513957220413
1144 0.0032570831982299056 0.0032450539896468865
1145 0.003253066339853475 0.003241065775098064
1146 0.0032490587406042108 0.0032370867214126815
1147 0.0032450603695144947 0.0032331167980613465
1148 0.003241071195751885 0.0032291559746474145
1149 0.0032370911886183554 0.0032252042209063103
1150 0.0032331203175495864 0.003221261506704802
1151 0.003229158552114341 0.0032173278020403507
1152 0.003225205862013617 0.0032134030770403547
1153 0.003221262217080013 0.0032094873019614524
1154 0.0032173275872770324 0.003205580447188895
1155 0.003213401942698324 0.00320168248323581
1156 0.003209485253567054 0.003197793380742538
1157 0.0032055774902351973 0.0031939131104759665
1158 0.003201678623182822 0.003190041643328841
1159 0.003197788623017455 0.0031861789503191203
1160 0.0031939074604733515 0.0031823250025892723
1161 0.003190035106410885 0.003178479771405691
1162 0.003186171531815819 0.003174643228157933
1163 0.003182316707798663 0.003170815344358183
1164 0.0031784706055940594 0.003166996091640533
1165 0.003174633196560031 0.003163185441760334
1166 0.0031708044521774155 0.0031593833665936304
1167 0.003166984344049187 0.003155589838136459
1168 0.00316317284389981 0.003151804828504241
1169 0.00315936992357458 0.003148028309931126
1170 0.003155575555039048 0.0031442602547694584
1171 0.0031517897103783194 0.00314050063548904
1172 0.0031480123617964513 0.0031367494246765945
1173 0.00314424348161586 0.003133006595035163
1174 0.003140483042276665 0.003129272119383433
1175 0.003136731016336068 0.003125545970655167
1176 0.0031329873764677782 0.0031218281218986384
1177 0.003129252095461353 0.003118118546275964
1178 0.0031255251462216477 0.003114417217062595
1179 0.003121806501768162 0.0031107241076466672
1180 0.003118096135234489 0.0031070391915284227
1181 0.003114394019867691 0.0031033624423196502
1182 0.003110700129027715 0.0030996938337430886
1183 0.003107014436186817 0.003096033339631885
1184 0.0031033369149289767 0.0030923809339289685
1185 0.003099667538949302 0.0030887365906865196
1186 0.0030960062820534623 0.003085100284065433
1187 0.0030923531181571615 0.0030814719883346916
1188 0.003088708021285444 0.0030778516778708466
1189 0.0030850709655723123 0.0030742393271574616
1190 0.0030814419252599735 0.003070634910784577
1191 0.0030778208746984454 0.003067038403448149
1192 0.0030742077883448866 0.0030634497799494754
1193 0.0030706026407631357 0.00305986901519471
1194 0.003067005406623053 0.003056296084194303
1195 0.0030634160607000767 0.003052730962062447
1196 0.0030598345778746323 0.0030491736240165577
1197 0.003056260933131641 0.0030456240453767937
1198 0.0030526951015598827 0.0030420822015654637
1199 0.003049137058351581 0.003038548068106519
1200 0.0030455867788018146 0.003035021620625112
1201 0.0030420442383080107 0.003031502834846945
1202 0.0030385094123694016 0.003027991686597881
1203 0.0030349822765865153 0.0030244881518033755
1204 0.0030314628066606783 0.0030209922064879965
1205 0.003027950978393497 0.003017503826774911
1206 0.003024446767686307 0.0030140229888853494
1207 0.0030209501505397366 0.0030105496691382023
1208 0.003017461103053126 0.003007083843949413
1209 0.0030139796014241145 0.003003625489831579
1210 0.003010505621948065 0.00300017458339344
1211 0.003007039141017599 0.0029967311013393504
1212 0.0030035801351221206 0.002993295020468869
1213 0.00300012858084734 0.002989866317676186
1214 0.0029966844548747 0.002986444969949779
1215 0.0029932477339810063 0.0029830309543718027
1216 0.0029898183950378718 0.0029796242481177
1217 0.00298639641501128 0.00297622482845571
1218 0.002982981770961099 0.002972832672746441
1219 0.0029795744400405904 0.0029694477584423394
1220 0.00297617439949598 0.002966070063087276
1221 0.0029727816266659417 0.002962699564316073
1222 0.0029693960989812013 0.0029593362398540974
1223 0.0029660177939639905 0.0029559800675167136
1224 0.0029626466892276916 0.0029526310252089424
1225 0.0029592827624762875 0.002949289090924948
1226 0.002955925991503979 0.0029459542427475987
1227 0.002952576354194675 0.002942626458848037
1228 0.002949233828521617 0.0029393057174852836
1229 0.002945898392546864 0.0029359919970057312
1230 0.0029425700244209013 0.002932685275842755
1231 0.0029392487023821886 0.0029293855325162464
1232 0.0029359344047566985 0.002926092745632253
1233 0.0029326271099575285 0.0029228068938824845
1234 0.0029293267964844174 0.00291952795604393
1235 0.0029260334429233835 0.002916255910978407
1236 0.002922747027946229 0.002912990737632172
1237 0.0029194675303101415 0.0029097324150354916
1238 0.002916194928857294 0.0029064809223022393
1239 0.002912929202514426 0.002903236238629461
1240 0.0029096703302923825 0.002899998343297005
1241 0.0029064182912857473 0.0028967672156670803
1242 0.002903173064672393 0.0028935428351838785
1243 0.0028999346297131374 0.0028903251813731465
1244 0.002896702965751244 0.0028871142338418175
1245 0.002893478052212093 0.0028839099722776022
1246 0.0028902598686027553 0.0028807123764486024
1247 0.0028870483945115702 0.0028775214262028678
1248 0.0028838436096078066 0.002874337101468101
1249 0.0028806454936411837 0.0028711593822511802
1250 0.0028774540264415575 0.002867988248637836
1251 0.0028742691879185 0.0028648236807922315
1252 0.002871090958060874 0.002861665658956597
1253 0.002867919316936523 0.0028585141634508682
1254 0.0028647542446918473 0.002855369174672271
1255 0.0028615957215513757 0.0028522306730949603
1256 0.002858443727817482 0.0028490986392696823
1257 0.0028552982438699377 0.0028459730538233476
1258 0.0028521592501655852 0.002842853897458719
1259 0.0028490267272378994 0.002839741150954025
1260 0.0028459006556966738 0.0028366347951625636
1261 0.002842781016227639 0.0028335348110123757
1262 0.0028396677895920685 0.002830441179505898
1263 0.0028365609566264895 0.002827353881719576
1264 0.0028334604982422334 0.00282427289880353
1265 0.002830366395425088 0.002821198211981164
1266 0.0028272786292350164 0.002818129802548896
1267 0.0028241971808057285 0.0028150676518756772
1268 0.0028211220313443153 0.0028120117414027965
1269 0.0028180531621309762 0.0028089620526434173
1270 0.0028149905545186028 0.0028059185671823065
1271 0.002811934189932432 0.002802881266675432
1272 0.0028088840498697353 0.0027998501328496818
1273 0.002805840115899451 0.0027968251475024987
1274 0.0028028023696618455 0.002793806292501532
1275 0.002799770792868183 0.0027907935497843237
1276 0.002796745367300375 0.0027877869013579917
1277 0.002793726074810681 0.0027847863292988586
1278 0.0027907128973212545 0.0027817918157521243
1279 0.002787705816823995 0.0027788033429316165
1280 0.002784704815380065 0.002775820893119373
1281 0.002781709875119642 0.0027728444486653458
1282 0.002778720978241544 0.002769873991987118
1283 0.002775738107012959 0.002766909505569534
1284 0.0027727612437690474 0.0027639509719644224
1285 0.0027697903709127097 0.002760998373790252
1286 0.00276682547091417 0.002758051693731848
1287 0.002763866526310746 0.002755110914540032
1288 0.0027609135197064873 0.002752176019031363
1289 0.0027579664337718554 0.00274924699008781
1290 0.002755025251243454 0.0027463238106564276
1291 0.00275208995492365 0.002743406463749073
1292 0.0027491605276803253 0.00274049493244211
1293 0.002746236952446549 0.002737589199876064
1294 0.0027433192122202714 0.0027346892492553605
1295 0.0027404072900639965 0.002731795063848041
1296 0.0027375011691045227 0.0027289066269854238
1297 0.0027346008325326446 0.002726023922061821
1298 0.0027317062636027616 0.0027231469325342517
1299 0.002728817445632731 0.0027202756419221724
1300 0.002725934362003437 0.002717410033807154
1301 0.00272305699615858 0.002714550091832586
1302 0.002720185331604329 0.0027116957997034364
1303 0.0027173193519090793 0.0027088471411859066
1304 0.002714459040703158 0.0027060041001072226
1305 0.0027116043816784816 0.0027031666603552712
1306 0.0027087553585883255 0.002700334805878362
1307 0.002705911955247016 0.002697508520684955
1308 0.0027030741555296813 0.002694687788843355
1309 0.002700241943371907 0.0026918725944814646
1310 0.0026974153027695307 0.002689062921786493
1311 0.0026945942177782813 0.002686258755004699
1312 0.0026917786725136014 0.0026834600784410786
1313 0.0026889686511502586 0.002680666876459151
1314 0.0026861641379221776 0.002677879133480645
1315 0.0026833651171221146 0.002675096833985238
1316 0.002680571573101375 0.0026723199625103304
1317 0.0026777834902695537 0.0026695485036507447
1318 0.0026750008530943416 0.0026667824420584423
1319 0.0026722236461010945 0.0026640217624423327
1320 0.002669451853872767 0.002661266449567937
1321 0.002666685461049499 0.002658516488257161
1322 0.0026639244523283933 0.0026557718633880767
1323 0.0026611688124633 0.0026530325598945687
1324 0.0026584185262645095 0.0026502985627662166
1325 0.002655673578598525 0.0026475698570479003
1326 0.0026529339543877616 0.0026448464278396545
1327 0.0026501996386103363 0.0026421282602963536
1328 0.0026474706162998175 0.0026394153396274906
1329 0.00264474687254494 0.0026367076510969575
1330 0.0026420283924893655 0.0026340051800227103
1331 0.002639315161331429 0.0026313079117766223
1332 0.0026366071643239004 0.0026286158317841996
1333 0.0026339043867737648 0.00262592892552431
1334 0.002631206814041914 0.0026232471785289954
1335 0.0026285144315429543 0.002620570576383192
1336 0.0026258272247449365 0.002617899104724534
1337 0.002623145179169129 0.0026152327492430442
1338 0.0026204682803897964 0.0026125714956809895
1339 0.0026177965140338853 0.0026099153298325666
1340 0.002615129865780862 0.00260726423754371
1341 0.0026124683213624594 0.002604618204711859
1342 0.002609811866562445 0.0026019772172857147
1343 0.002607160487216345 0.002599341261265004
1344 0.002604514169211274 0.0025967103227002857
1345 0.0026018728984856495 0.0025940843876926844
1346 0.0025992366610289854 0.002591463442393675
1347 0.0025966054428817097 0.00258884747300488
1348 0.002593979230134817 0.0025862364657778026
1349 0.0025913580089297816 0.0025836304070136415
1350 0.0025887417654582153 0.002581029283063087
1351 0.0025861304859617212 0.0025784330803260117
1352 0.002583524156731653 0.0025758417852513663
1353 0.00258092276410885 0.0025732553843368674
1354 0.0025783262944834963 0.0025706738641288547
1355 0.0025757347342947982 0.002568097211222022
1356 0.0025731480700308764 0.0025655254122592328
1357 0.0025705662882284748 0.0025629584539312673
1358 0.002567989375472756 0.0025603963229766684
1359 0.0025654173183971233 0.0025578390061815025
1360 0.0025628501036829366 0.002555286490379115
1361 0.0025602877180593924 0.002552738762450008
1362 0.0025577301483032276 0.002550195809321533
1363 0.002555177381238579 0.0025476576179677404
1364 0.002552629403736681 0.002545124175409177
1365 0.002550086202715805 0.0025425954687126827
1366 0.002547547765140896 0.002540071484991118
1367 0.0025450140780234444 0.0025375522114032944
1368 0.0025424851284213067 0.0025350376351536185
1369 0.002539960903438406 0.0025325277434920163
1370 0.00253744139022466 0.002530022523713678
1371 0.0025349265759756594 0.0025275219631588635
1372 0.0025324164479325504 0.002525026049212704
1373 0.002529910993381763 0.002522534769305031
1374 0.0025274101996548815 0.002520048110910129
1375 0.002524914054128422 0.002517566061546613
1376 0.002522422544223598 0.0025150886087771562
1377 0.0025199356574061886 0.0025126157402083973
1378 0.0025174533811863097 0.0025101474434906265
1379 0.002514975703118213 0.0025076837063176946
1380 0.002512502610800114 0.002505224516426766
1381 0.0025100340918739867 0.0025027698615981866
1382 0.0025075701340253813 0.00250031972965524
1383 0.002505110724983225 0.0024978741084640058
1384 0.0025026558525196585 0.002495432985933103
1385 0.0025002055044498024 0.0024929963500136105
1386 0.0024977596686316193 0.0024905641886988185
1387 0.0024953183329656905 0.0024881364900240146
1388 0.0024928814853950746 0.002485713242066408
1389 0.002490449113905089 0.002483294432944847
1390 0.0024880212065231063 0.002480880050819676
1391 0.00248559775131844 0.002478470083892563
1392 0.002483178736402103 0.0024760645204063283
1393 0.002480764149926642 0.002473663348644741
1394 0.002478353980086013 0.0024712665569323793
1395 0.0024759482151153153 0.002468874133634415
1396 0.00247354684329065 0.0024664860671564613
1397 0.002471149852928993 0.00246410234594441
1398 0.0024687572323879407 0.0024617229584842377
1399 0.002466368970065577 0.002459347893301831
1400 0.0024639850544002848 0.0024569771389628546
1401 0.002461605473870617 0.002454610684072529
1402 0.0024592302169950597 0.0024522485172755056
1403 0.0024568592723319196 0.002449890627255675
1404 0.002454492628479074 0.0024475370027359864
1405 0.0024521302740739097 0.002445187632478316
1406 0.002449772197793075 0.0024428425052833076
1407 0.002447418388352325 0.002440501609990135
1408 0.0024450688345063953 0.0024381649354764186
1409 0.002442723525048776 0.002435832470658035
1410 0.002440382448811584 0.002433504204488952
1411 0.0024380455946654027 0.0024311801259610335
1412 0.0024357129515191127 0.0024288602241039695
1413 0.0024333845083197277 0.0024265444879850093
1414 0.0024310602540521913 0.002424232906708881
1415 0.002428740177739296 0.0024219254694175913
1416 0.002426424268441459 0.0024196221652902873
1417 0.0024241125152566147 0.0024173229835431
1418 0.0024218049073199887 0.0024150279134289615
1419 0.002419501433804014 0.002412736944237499
1420 0.0024172020839180824 0.0024104500652948136
1421 0.0024149068469085408 0.002408167265963419
1422 0.0024126157120583584 0.002405888535641982
1423 0.0024103286686870903 0.0024036138637652756
1424 0.002408045706150664 0.0024013432398039256
1425 0.0024057668138412844 0.002399076653264346
1426 0.002403491981187198 0.002396814093688537
1427 0.0024012211976526376 0.002394555550653958
1428 0.002398954452737615 0.0023923010137733673
1429 0.0023966917359777634 0.0023900504726947144
1430 0.00239443303694421 0.0023878039171009047
1431 0.002392178345243425 0.002385561336709756
1432 0.0023899276505170743 0.00238332272127379
1433 0.002387680942441883 0.0023810880605800964
1434 0.0023854382107294475 0.0023788573444501943
1435 0.0023831994451261477 0.0023766305627399235
1436 0.002380964635412943 0.002374407705339235
1437 0.0023787337714052904 0.0023721887621721
1438 0.0023765068429529553 0.0023699737231963496
1439 0.0023742838399398586 0.0023677625784035354
1440 0.002372064752283997 0.002365555317818799
1441 0.002369849569937266 0.002363351931500721
1442 0.0023676382828852786 0.002361152409541181
1443 0.0023654308811472667 0.0023589567420652375
1444 0.0023632273547759776 0.0023567649192309838
1445 0.0023610276938574788 0.0023545769312293984
1446 0.0023588318885110295 0.00235239276828423
1447 0.0023566399288889577 0.002350212420651835
1448 0.0023544518051765093 0.002348035878621075
1449 0.00235226750759174 0.002345863132513169
1450 0.00235008702638534 0.0023436941726815478
1451 0.002347910351840543 0.0023415289895117276
1452 0.002345737474272952 0.002339367573421211
1453 0.002343568384030422 0.0023372099148593057
1454 0.002341403071492951 0.0023350560043070346
1455 0.0023392415270725177 0.002332905832276972
1456 0.0023370837412129424 0.0023307593893131416
1457 0.002334929704389804 0.0023286166659908882
1458 0.0023327794071102536 0.002326477652916714
1459 0.002330632839912912 0.0023243423407281845
1460 0.002328489993367748 0.0023222107200938143
1461 0.0023263508580759693 0.002320082781712906
1462 0.0023242154246698194 0.0023179585163154263
1463 0.002322083683812529 0.002315837914661918
1464 0.0023199556261981526 0.0023137209675433367
1465 0.00231783124255145 0.00231160766578096
1466 0.0023157105236277674 0.002309498000226218
1467 0.0023135934602129034 0.0023073919617606275
1468 0.0023114800431229777 0.002305289541295632
1469 0.002309370263204351 0.0023031907297724774
1470 0.0023072641113334323 0.0023010955181621533
1471 0.00230516157841664 0.002299003897465154
1472 0.0023030626553901838 0.00229691585871149
1473 0.0023009673332200324 0.0022948313929604825
1474 0.0022988756029017642 0.002292750491300663
1475 0.0022967874554603984 0.0022906731448496935
1476 0.002294702881950367 0.0022885993447541836
1477 0.0022926218734553028 0.0022865290821896347
1478 0.0022905444210879994 0.0022844623483602965
1479 0.0022884705159902526 0.002282399134499044
1480 0.0022864001493327455 0.002280339431867272
1481 0.0022843333123149286 0.002278283231754798
1482 0.0022822699961649326 0.0022762305254797202
1483 0.00228021019213942 0.002274181304388315
1484 0.0022781538915234824 0.002272135559854905
1485 0.0022761010856305547 0.002270093283281802
1486 0.0022740517658022415 0.0022680544660991404
1487 0.0022720059234082562 0.0022660190997647895
1488 0.0022699635498462985 0.002263987175764229
1489 0.0022679246365419127 0.002261958685610472
1490 0.0022658891749483974 0.002259933620843887
1491 0.002263857156546743 0.002257911973032181
1492 0.002261828572845396 0.0022558937337702227
1493 0.0022598034153802913 0.0022538788946799425
1494 0.0022577816757146634 0.0022518674474102576
1495 0.0022557633454389206 0.002249859383636943
1496 0.002253748416170602 0.0022478546950624873
1497 0.0022517368795542236 0.0022458533734160896
1498 0.0022497287272611956 0.0022438554104534537
1499 0.0022477239509897003 0.0022418607979566916
1500 0.0022457225424645693 0.002239869527734328
1501 0.00224372449343722 0.002237881591621031
1502 0.0022417297956855336 0.002235896981477645
1503 0.0022397384410137236 0.0022339156891909924
1504 0.0022377504212522854 0.0022319377066738625
1505 0.002235765728257823 0.002229963025864812
1506 0.0022337843539129896 0.002227991638728156
1507 0.0022318062901264014 0.0022260235372537794
1508 0.0022298315288324976 0.0022240587134571155
1509 0.002227860061991472 0.0022220971593789798
1510 0.0022258918815890962 0.002220138867085528
1511 0.0022239269796367547 0.0022181838286681145
1512 0.0022219653481712243 0.0022162320362431945
1513 0.0022200069792545924 0.0022142834819522555
1514 0.002218051864974227 0.0022123381579616996
1515 0.0022160999974425908 0.002210396056462755
1516 0.0022141513687972134 0.002208457169671347
1517 0.002212205971200566 0.002206521489828062
1518 0.0022102637968399235 0.0022045890091979847
1519 0.0022083248379273323 0.002202659720070659
1520 0.002206389086699481 0.002200733614759956
1521 0.002204456535417598 0.0021988106856039996
1522 0.002202527176367402 0.002196890924965049
1523 0.002200601001858928 0.00219497432522942
1524 0.002198678004226481 0.0021930608788074115
1525 0.002196758175828566 0.002191150578133169
1526 0.002194841509047741 0.0021892434156646325
1527 0.002192927996290557 0.002187339383883419
1528 0.002191017629987446 0.0021854384752947346
1529 0.002189110402592639 0.002183540682427282
1530 0.0021872063065840612 0.0021816459978332005
1531 0.002185305334463274 0.0021797544140879244
1532 0.002183407478755333 0.0021778659237901123
1533 0.0021815127320087475 0.002175980519561596
1534 0.00217962108679535 0.0021740981940472264
1535 0.002177732535710222 0.0021722189399148223
1536 0.0021758470713716008 0.0021703427498550912
1537 0.0021739646864208347 0.0021684696165815195
1538 0.0021720853735221817 0.0021665995328302838
1539 0.002170209125362843 0.002164732491360177
1540 0.002168335934652823 0.0021628684849525127
1541 0.002166465794124811 0.002161007506411049
1542 0.002164598696534155 0.00215914954856188
1543 0.0021627346346587187 0.002157294604253376
1544 0.0021608736012988343 0.0021554426663560884
1545 0.0021590155892772167 0.002153593727762669
1546 0.0021571605914388397 0.0021517477813877755
1547 0.002155308600650896 0.0021499048201679715
1548 0.0021534596098026918 0.002148064837061706
1549 0.0021516136118055226 0.0021462278250491476
1550 0.0021497705995926794 0.0021443937771321625
1551 0.0021479305661192775 0.0021425626863342045
1552 0.0021460935043622342 0.0021407345457002415
1553 0.0021442594073201524 0.0021389093482966715
1554 0.0021424282680132167 0.002137087087211241
1555 0.0021406000794831834 0.002135267755552953
1556 0.0021387748347932436 0.0021334513464520257
1557 0.0021369525270279357 0.0021316378530597396
1558 0.0021351331492931044 0.0021298272685484395
1559 0.002133316694715784 0.002128019586111399
1560 0.002131503156444123 0.002126214798962766
1561 0.002129692527647325 0.0021244129003374717
1562 0.002127884801515573 0.002122613883491152
1563 0.0021260799712598997 0.002120817741700076
1564 0.0021242780301121587 0.0021190244682610876
1565 0.002122478971324928 0.002117234056491486
1566 0.002120682788171434 0.002115446499728957
1567 0.002118889473945468 0.002113661791331526
1568 0.0021170990219613215 0.002111879924677468
1569 0.00211531142555368 0.0021101008931652147
1570 0.002113526678077577 0.0021083246902132854
1571 0.002111744772908338 0.002106551309260249
1572 0.0021099657034414202 0.0021047807437645813
1573 0.002108189463092421 0.002103012987204632
1574 0.002106416045296957 0.0021012480330785807
1575 0.002104645443510618 0.002099485874904259
1576 0.002102877651208859 0.0020977265062192157
1577 0.0021011126618869615 0.002095969920580515
1578 0.002099350469059921 0.0020942161115647595
1579 0.002097591066262403 0.0020924650727679396
1580 0.0020958344470486663 0.0020907167978054353
1581 0.002094080604992471 0.0020889712803118868
1582 0.0020923295336870117 0.002087228513941144
1583 0.002090581226744875 0.002085488492366205
1584 0.0020888356777979357 0.0020837512092791214
1585 0.002087092880497261 0.002082016658390957
1586 0.0020853528285131174 0.0020802848334316865
1587 0.0020836155155348267 0.002078555728150142
1588 0.002081880935270704 0.0020768293363139373
1589 0.0020801490814480387 0.002075105651709399
1590 0.002078419947812965 0.002073384668141524
1591 0.0020766935281304193 0.0020716663794338535
1592 0.0020749698161840816 0.0020699507794284602
1593 0.00207324880577626 0.002068237861985825
1594 0.0020715304907278874 0.002066527620984838
1595 0.0020698148648783878 0.00206482005032266
1596 0.002068101922085662 0.0020631151439147147
1597 0.0020663916562259892 0.0020614128956945787
1598 0.0020646840611939312 0.002059713299613927
1599 0.002062979130902365 0.0020580163496424697
1600 0.0020612768592822954 0.0020563220397679044
1601 0.002059577240282861 0.002054630363995805
1602 0.0020578802678712354 0.0020529413163496053
1603 0.0020561859360325955 0.002051254890870478
1604 0.0020544942387700107 0.0020495710816173423
1605 0.0020528051701044253 0.002047889882666727
1606 0.002051118724074532 0.002046211288112737
1607 0.002049434894736765 0.0020445352920670135
1608 0.0020477536761652204 0.0020428618886586263
1609 0.0020460750624515583 0.002041191072034023
1610 0.0020443990477049872 0.0020395228363569973
1611 0.0020427256260521563 0.0020378571758085757
1612 0.002041054791637113 0.0020361940845869835
1613 0.00203938653862125 0.00203453355690759
1614 0.0020377208611832218 0.002032875587002817
1615 0.0020360577535188827 0.0020312201691220877
1616 0.002034397209841226 0.0020295672975317977
1617 0.0020327392243803476 0.0020279169665152036
1618 0.002031083791383355 0.002026269170372385
1619 0.002029430905114289 0.0020246239034201943
1620 0.0020277805598541104 0.0020229811599921637
1621 0.0020261327499006107 0.0020213409344384792
1622 0.0020244874695683336 0.0020197032211258983
1623 0.0020228447131885683 0.0020180680144377206
1624 0.0020212044751092184 0.0020164353087736638
1625 0.002019566749694791 0.0020148050985498685
1626 0.0020179315313263477 0.002013177378198821
1627 0.0020162988144013733 0.002011552142169266
1628 0.0020146685933338086 0.002009929384926213
1629 0.0020130408625539053 0.0020083091009507684
1630 0.002011415616508256 0.0020066912847402
1631 0.0020097928496596216 0.0020050759308078113
1632 0.0020081725564870022 0.002003463033682877
1633 0.0020065547314854692 0.0020018525879106266
1634 0.002004939369166182 0.0020002445880521356
1635 0.0020033264640562654 0.0019986390286843275
1636 0.002001716010698823 0.0019970359043998734
1637 0.0020001080036528467 0.0019954352098071437
1638 0.001998502437493106 0.0019938369395301786
1639 0.0019968993068102004 0.0019922410882085703
1640 0.0019952986062103965 0.001990647650497473
1641 0.001993700330315662 0.0019890566210675415
1642 0.00199210447376355 0.0019874679946047967
1643 0.0019905110312071267 0.0019858817658107084
1644 0.001988919997315018 0.00198429792940199
1645 0.0019873313667712294 0.0019827164801106464
1646 0.001985745134275145 0.0019811374126838966
1647 0.001984161294541512 0.0019795607218840825
1648 0.0019825798423003336 0.001977986402488681
1649 0.001981000772296802 0.0019764144492901837
1650 0.0019794240792913153 0.0019748448570960815
1651 0.0019778497580593625 0.0019732776207288184
1652 0.001976277803391461 0.0019717127350256927
1653 0.0019747082100931455 0.001970150194838841
1654 0.0019731409729849226 0.0019685899950352193
1655 0.0019715760869021604 0.001967032130496451
1656 0.0019700135466950756 0.001965476596118872
1657 0.0019684533472286887 0.0019639233868134313
1658 0.0019668954833827277 0.001962372497505628
1659 0.0019653399500516337 0.001960823923135513
1660 0.0019637867421444617 0.001959277658657591
1661 0.001962235854584852 0.001957733699040772
1662 0.001960687282310966 0.001956192039268351
1663 0.00195914102027546 0.0019546526743379295
1664 0.001957597063445399 0.0019531155992613658
1665 0.0019560554068022355 0.0019515808090647432
1666 0.0019545160453417294 0.0019500482987883012
1667 0.0019529789740739285 0.0019485180634864117
1668 0.0019514441880231002 0.0019469900982274843
1669 0.00194991168222769 0.0019454643980939617
1670 0.0019483814517402536 0.0019439409581822587
1671 0.001946853491627428 0.00194241977360269
1672 0.0019453277969698971 0.0019409008394794369
1673 0.001943804362862273 0.0019393841509505367
1674 0.001942283184413133 0.0019378697031677606
1675 0.001940764256744905 0.001936357491296599
1676 0.0019392475749938744 0.0019348475105162508
1677 0.0019377331343100788 0.0019333397560195162
1678 0.0019362209298573105 0.001931834223012802
1679 0.0019347109568130236 0.001930330906715994
1680 0.0019332032103683305 0.001928829802362542
1681 0.001931697685727921 0.0019273309051992757
1682 0.0019301943781100232 0.0019258342104864251
1683 0.0019286932827463717 0.0019243397134975822
1684 0.001927194394882132 0.0019228474095196288
1685 0.0019256977097758788 0.0019213572938527016
1686 0.0019242032226995354 0.0019198693618101394
1687 0.0019227109289383397 0.0019183836087184375
1688 0.0019212208237907773 0.0019169000299172245
1689 0.0019197329025685758 0.0019154186207591762
1690 0.0019182471605965876 0.00191393937661001
1691 0.0019167635932128325 0.001912462292848418
1692 0.0019152821957683825 0.0019109873648660075
1693 0.0019138029636273466 0.001909514588067312
1694 0.001912325892166829 0.001908043957869681
1695 0.001910850976776842 0.0019065754697032847
1696 0.0019093782128603637 0.0019051091190110212
1697 0.0019079075958331683 0.0019036449012485366
1698 0.0019064391211238434 0.0019021828118841217
1699 0.0019049727841737685 0.0019007228463986934
1700 0.0019035085804370209 0.00189926500028577
1701 0.0019020465053803458 0.0018978092690513791
1702 0.00190058655448315 0.001896355648214082
1703 0.0018991287232374109 0.00189490413330484
1704 0.001897673007147666 0.001893454719867077
1705 0.0018962194017309386 0.0018920074034565375
1706 0.0018947679025167158 0.001890562179641349
1707 0.0018933185050468955 0.0018891190440018496
1708 0.0018918712048757867 0.001887677992130689
1709 0.001890425997569986 0.0018862390196326398
1710 0.0018889828787084003 0.0018848021221247158
1711 0.0018875418438821703 0.0018833672952359738
1712 0.0018861028886946697 0.0018819345346075896
1713 0.001884666008761427 0.0018805038358927547
1714 0.0018832311997100605 0.001879075194756656
1715 0.0018817984571803173 0.0018776486068764193
1716 0.0018803677768239567 0.001876224067941102
1717 0.0018789391543047348 0.001874801573651609
1718 0.0018775125852983823 0.0018733811197206942
1719 0.0018760880654925404 0.0018719627018728964
1720 0.001874665590586707 0.0018705463158444897
1721 0.0018732451562922534 0.001869131957383473
1722 0.0018718267583323204 0.0018677196222494966
1723 0.0018704103924418194 0.0018663093062138542
1724 0.0018689960543673426 0.0018649010050594485
1725 0.0018675837398672217 0.0018634947145807015
1726 0.0018661734447113706 0.0018620904305835513
1727 0.0018647651646813185 0.0018606881488854254
1728 0.0018633588955701639 0.001859287865315178
1729 0.0018619546331824998 0.0018578895757130624
1730 0.0018605523733344182 0.0018564932759306623
1731 0.0018591521118534425 0.0018550989618309395
1732 0.0018577538445785162 0.0018537066292880755
1733 0.001856357567359915 0.0018523162741875278
1734 0.00185496327605927 0.0018509278924259565
1735 0.0018535709665494764 0.0018495414799111793
1736 0.0018521806347147093 0.001848157032562138
1737 0.0018507922764503032 0.0018467745463088979
1738 0.0018494058876628262 0.001845394017092542
1739 0.0018480214642699437 0.001844015440865198
1740 0.001846639002200452 0.0018426388135899681
1741 0.0018452584973941498 0.0018412641312408877
1742 0.0018438799458019208 0.0018398913898029017
1743 0.0018425033433856182 0.0018385205852718559
1744 0.001841128686118037 0.001837151713654382
1745 0.0018397559699828818 0.0018357847709679536
1746 0.0018383851909747535 0.0018344197532407817
1747 0.0018370163450990647 0.0018330566565118072
1748 0.0018356494283720765 0.0018316954768306869
1749 0.0018342844368207751 0.0018303362102576799
1750 0.0018329213664829017 0.0018289788528637245
1751 0.0018315602134068823 0.0018276234007302944
1752 0.0018302009736518253 0.0018262698499494595
1753 0.0018288436432874495 0.0018249181966237574
1754 0.0018274882183940463 0.001823568436866239
1755 0.0018261346950625076 0.001822220566800363
1756 0.0018247830693941922 0.0018208745825600452
1757 0.0018234333375009787 0.0018195304802895332
1758 0.001822085495505187 0.001818188256143445
1759 0.0018207395395395604 0.001816847906286698
1760 0.0018193954657472016 0.0018155094268944693
1761 0.0018180532702815745 0.001814172814152182
1762 0.0018167129493064545 0.0018128380642554779
1763 0.0018153744989958932 0.0018115051734101319
1764 0.0018140379155341883 0.001810174137832098
1765 0.0018127031951158286 0.0018088449537474129
1766 0.0018113703339455148 0.0018075176173921721
1767 0.0018100393282380577 0.0018061921250125358
1768 0.0018087101742183948 0.0018048684728646548
1769 0.001807382868121525 0.0018035466572146439
1770 0.0018060574061925213 0.0018022266743385738
1771 0.0018047337846864107 0.0018009085205223981
1772 0.0018034119998682622 0.0017995921920619684
1773 0.0018020920480130236 0.0017982776852629475
1774 0.0018007739254056131 0.0017969649964408333
1775 0.0017994576283407804 0.0017956541219208918
1776 0.0017981431531231466 0.0017943450580381285
1777 0.0017968304960671508 0.001793037801137259
1778 0.001795519653496977 0.001791732347572686
1779 0.0017942106217466005 0.0017904286937084593
1780 0.0017929033971596934 0.0017891268359182411
1781 0.0017915979760896234 0.0017878267705852989
1782 0.0017902943548993907 0.001786528494102417
1783 0.0017889925299616454 0.0017852320028719354
1784 0.001787692497658602 0.0017839372933056781
1785 0.0017863942543820677 0.0017826443618249182
1786 0.001785097796533321 0.0017813532048603746
1787 0.0017838031205232269 0.0017800638188521594
1788 0.0017825102227720117 0.0017787762002497572
1789 0.0017812190997094108 0.0017774903455119867
1790 0.0017799297477745482 0.001776206251106971
1791 0.0017786421634159064 0.0017749239135121267
1792 0.0017773563430913165 0.0017736433292140892
1793 0.00177607228326793 0.0017723644947087577
1794 0.0017747899804221895 0.0017710874065011734
1795 0.0017735094310397646 0.001769812061105562
1796 0.0017722306316155661 0.0017685384550452645
1797 0.0017709535786536834 0.001767266584852737
1798 0.0017696782686673924 0.0017659964470694936
1799 0.0017684046981790796 0.0017647280382460844
1800 0.0017671328637202544 0.001763461354942074
1801 0.0017658627618314725 0.001762196393726032
1802 0.0017645943890623567 0.0017609331511754338
1803 0.0017633277419715457 0.0017596716238767215
1804 0.0017620628171266443 0.0017584118084252136
1805 0.001760799611104247 0.0017571537014250986
1806 0.0017595381204898583 0.0017558972994894079
1807 0.0017582783418778759 0.0017546425992399717
1808 0.0017570202718715823 0.001753389597307419
1809 0.0017557639070830899 0.0017521382903311089
1810 0.0017545092441333316 0.001750888674959147
1811 0.0017532562796520362 0.0017496407478483217
1812 0.0017520050102776841 0.0017483945056640982
1813 0.0017507554326574657 0.001747149945080587
1814 0.0017495075434472947 0.0017459070627805023
1815 0.0017482613393117645 0.0017446658554551475
1816 0.0017470168169240958 0.0017434263198043936
1817 0.0017457739729661225 0.0017421884525366188
1818 0.0017445328041282892 0.00174095225036875
1819 0.0017432933071096037 0.0017397177100261347
1820 0.0017420554786175854 0.0017384848282426257
1821 0.001740819315368296 0.0017372536017604655
1822 0.0017395848140862491 0.00173602402733029
1823 0.0017383519715044172 0.0017347961017111202
1824 0.0017371207843642194 0.0017335698216703172
1825 0.0017358912494154404 0.0017323451839835525
1826 0.0017346633634162756 0.0017311221854347876
1827 0.0017334371231332555 0.0017299008228162656
1828 0.0017322125253412264 0.0017286810929284368
1829 0.0017309895668233127 0.0017274629925799864
1830 0.0017297682443709423 0.001726246518587775
1831 0.001728548554783737 0.0017250316677768192
1832 0.0017273304948695893 0.0017238184369802703
1833 0.0017261140614445337 0.0017226068230394003
1834 0.0017248992513327955 0.001721396822803543
1835 0.0017236860613667375 0.0017201884331301018
1836 0.001722474488386804 0.0017189816508845239
1837 0.001721264529241553 0.001717776472940224
1838 0.001720056180787606 0.0017165728961786128
1839 0.001718849439889588 0.0017153709174890894
1840 0.0017176443034201756 0.001714170533768935
1841 0.0017164407682599924 0.0017129717419233738
1842 0.001715238831297635 0.0017117745388654684
1843 0.0017140384894296502 0.0017105789215161806
1844 0.0017128397395604652 0.0017093848868042771
1845 0.0017116425786024045 0.0017081924316663388
1846 0.0017104470034756528 0.0017070015530467227
1847 0.0017092530111082248 0.0017058122478975544
1848 0.0017080605984359546 0.0017046245131786743
1849 0.0017068697624024445 0.001703438345857644
1850 0.0017056804999590757 0.0017022537429097196
1851 0.0017044928080649515 0.0017010707013177789
1852 0.0017033066836868891 0.0016998892180723878
1853 0.0017021221237994088 0.001698709290171678
1854 0.0017009391253846762 0.0016975309146214008
1855 0.0016997576854324995 0.0016963540884348547
1856 0.0016985778009403175 0.0016951788086329099
1857 0.001697399468913137 0.0016940050722438972
1858 0.0016962226863635587 0.0016928328763037063
1859 0.0016950474503117127 0.001691662217855638
1860 0.0016938737577852506 0.0016904930939504912
1861 0.0016927016058193233 0.0016893255016464707
1862 0.0016915309914565504 0.0016881594380091644
1863 0.001690361911747028 0.001686994900111555
1864 0.001689194363748256 0.0016858318850339973
1865 0.001688028344525133 0.001684670389864139
1866 0.0016868638511499594 0.0016835104116969682
1867 0.0016857008807023865 0.0016823519476347553
1868 0.0016845394302693918 0.001681194994787033
1869 0.001683379496945283 0.0016800395502705723
1870 0.001682221077831648 0.0016788856112093635
1871 0.0016810641700373465 0.0016777331747345968
1872 0.0016799087706784734 0.0016765822379846448
1873 0.0016787548768783652 0.0016754327981050145
1874 0.0016776024857675363 0.001674284852248353
1875 0.0016764515944837036 0.0016731383975744387
1876 0.001675302200171714 0.0016719934312500956
1877 0.0016741542999835707 0.0016708499504492417
1878 0.0016730078910783704 0.0016697079523528284
1879 0.001671862970622326 0.001668567434148825
1880 0.0016707195357886766 0.001667428393032207
1881 0.0016695775837577633 0.0016662908262049339
1882 0.001668437111716891 0.0016651547308759052
1883 0.0016672981168604066 0.0016640201042609647
1884 0.0016661605963896346 0.0016628869435828834
1885 0.0016650245475128551 0.0016617552460712905
1886 0.0016638899674452693 0.0016606250089627236
1887 0.0016627568534090314 0.001659496229500557
1888 0.001661625202633154 0.0016583689049349858
1889 0.001660495012353557 0.001657243032523035
1890 0.0016593662798129864 0.0016561186095284948
1891 0.001658239002261052 0.0016549956332219478
1892 0.0016571131769541224 0.0016538741008806832
1893 0.0016559888011554308 0.0016527540097887564
1894 0.0016548658721349074 0.0016516353572369024
1895 0.001653744387169283 0.0016505181405225698
1896 0.001652624343542002 0.0016494023569498333
1897 0.0016515057385432064 0.001648288003829438
1898 0.0016503885694697266 0.0016471750784787524
1899 0.001649272833625087 0.0016460635782217425
1900 0.0016481585283194303 0.0016449535003889497
1901 0.0016470456508695269 0.0016438448423174894
1902 0.0016459341985987789 0.0016427376013510367
1903 0.001644824168837145 0.001641631774839737
1904 0.0016437155589211646 0.0016405273601403174
1905 0.0016426083661939387 0.0016394243546159174
1906 0.0016415025880050556 0.0016383227556361884
1907 0.0016403982217106411 0.0016372225605771912
1908 0.001639295264673303 0.0016361237668214503
1909 0.001638193714262123 0.0016350263717578705
1910 0.0016370935678525992 0.0016339303727817376
1911 0.001635994822826697 0.001632835767294736
1912 0.001634897476572764 0.0016317425527048654
1913 0.0016338015264855633 0.0016306507264264726
1914 0.0016327069699661806 0.0016295602858802027
1915 0.001631613804422109 0.001628471228493017
1916 0.0016305220272671422 0.0016273835516981048
1917 0.001629431635921376 0.0016262972529349504
1918 0.0016283426278112436 0.0016252123296492467
1919 0.00162725500036939 0.0016241287792929274
1920 0.0016261687510347742 0.0016230465993240832
1921 0.0016250838772525593 0.00162196578720701
1922 0.0016240003764741303 0.0016208863404121785
1923 0.001622918246157084 0.0016198082564161582
1924 0.001621837483765173 0.0016187315327016684
1925 0.0016207580867683385 0.0016176561667575395
1926 0.0016196800526426549 0.0016165821560786648
1927 0.0016186033788703207 0.0016155094981660165
1928 0.0016175280629396414 0.0016144381905266192
1929 0.0016164541023450081 0.0016133682306735423
1930 0.001615381494586891 0.0016122996161258237
1931 0.0016143102371717955 0.0016112323444085418
1932 0.0016132403276122786 0.0016101664130527315
1933 0.0016121717634269067 0.001609101819595395
1934 0.001611104542140241 0.0016080385615794704
1935 0.0016100386612828207 0.0016069766365538213
1936 0.0016089741183911645 0.0016059160420732227
1937 0.0016079109110076913 0.0016048567756983315
1938 0.0016068490366808077 0.001603798834995679
1939 0.0016057884929647844 0.0016027422175376592
1940 0.001604729277419803 0.0016016869209024712
1941 0.0016036713876119019 0.0016006329426741723
1942 0.0016026148211129908 0.001599580280442618
1943 0.0016015595755008174 0.001598528931803405
1944 0.0016005056483589441 0.0015974788943579395
1945 0.0015994530372767375 0.001596430165713382
1946 0.0015984017398493608 0.0015953827434825956
1947 0.0015973517536777208 0.0015943366252841647
1948 0.00159630307636852 0.0015932918087424028
1949 0.001595255705534161 0.0015922482914872752
1950 0.001594209638792769 0.0015912060711544313
1951 0.0015931648737681926 0.0015901651453851511
1952 0.0015921214080899418 0.0015891255118263632
1953 0.0015910792393932032 0.0015880871681306036
1954 0.0015900383653188075 0.001587050111956007
1955 0.0015889987835132299 0.0015860143409663105
1956 0.0015879604916285734 0.0015849798528307783
1957 0.0015869234873225053 0.0015839466452242591
1958 0.0015858877682583222 0.0015829147158271206
1959 0.0015848533321048577 0.0015818840623252374
1960 0.0015838201765365056 0.0015808546824100122
1961 0.001582788299233191 0.0015798265737783034
1962 0.0015817576978803818 0.0015787997341324641
1963 0.0015807283701690165 0.0015777741611802843
1964 0.0015797003137955398 0.0015767498526349883
1965 0.0015786735264618562 0.0015757268062152187
1966 0.0015776480058753276 0.0015747050196450434
1967 0.001576623749748768 0.0015736844906538993
1968 0.0015756007558004 0.0015726652169766099
1969 0.0015745790217538522 0.0015716471963533353
1970 0.0015735585453381517 0.0015706304265296063
1971 0.001572539324287686 0.0015696149052562506
1972 0.0015715213563422298 0.0015686006302894281
1973 0.0015705046392468786 0.001567587599390588
1974 0.0015694891707520543 0.001566575810326452
1975 0.0015684749486135098 0.0015655652608690166
1976 0.0015674619705922772 0.001564555948795507
1977 0.001566450234454672 0.0015635478718884156
1978 0.0015654397379722923 0.0015625410279354174
1979 0.0015644304789219632 0.001561535414729418
1980 0.0015634224550857693 0.0015605310300684902
1981 0.0015624156642509953 0.0015595278717559
1982 0.0015614101042101414 0.0015585259376000513
1983 0.001560405772760893 0.0015575252254145095
1984 0.0015594026677061188 0.0015565257330179513
1985 0.0015584007868538396 0.0015555274582341764
1986 0.0015574001280172151 0.0015545303988920805
1987 0.001556400689014544 0.0015535345528256508
1988 0.0015554024676692436 0.0015525399178739161
1989 0.001554405461809831 0.0015515464918810014
1990 0.0015534096692698858 0.0015505542726960168
1991 0.0015524150878880906 0.0015495632581731687
1992 0.0015514217155081663 0.001548573446171595
1993 0.00155042954997887 0.0015475848345554905
1994 0.0015494385891540042 0.0015465974211940135
1995 0.0015484488308923666 0.0015456112039612714
1996 0.0015474602730577627 0.001544626180736351
1997 0.0015464729135189759 0.0015436423494032587
1998 0.0015454867501497583 0.001542659707850929
1999 0.001544501780828823 0.0015416782539732156
2000 0.0015435180034398205 0.0015406979856688562
